Archive member included because of file (symbol)

c:/program files (x86)/microchip/xc32/v1.11/bin/../lib/gcc/pic32mx/4.5.1/../../../../pic32mx/lib\libmchp_peripheral_32MX534F064H.a(pcache.o)
                              build/default/production/src/main.o (CheKseg0CacheOn)
c:/program files (x86)/microchip/xc32/v1.11/bin/../lib/gcc/pic32mx/4.5.1/../../../../pic32mx/lib\libmchp_peripheral_32MX534F064H.a(int_disable_interrupts_lib.o)
                              build/default/production/src/main.o (INTDisableInterrupts)
c:/program files (x86)/microchip/xc32/v1.11/bin/../lib/gcc/pic32mx/4.5.1/../../../../pic32mx/lib\libmchp_peripheral_32MX534F064H.a(int_restore_interrupts_lib.o)
                              build/default/production/src/main.o (INTRestoreInterrupts)
c:/program files (x86)/microchip/xc32/v1.11/bin/../lib/gcc/pic32mx/4.5.1/../../../../pic32mx/lib\libmchp_peripheral_32MX534F064H.a(int_enable_mv_int_lib.o)
                              build/default/production/src/main.o (INTEnableSystemMultiVectoredInt)
c:/program files (x86)/microchip/xc32/v1.11/bin/../lib/gcc/pic32mx/4.5.1/../../../../pic32mx/lib\libmchp_peripheral_32MX534F064H.a(int_enable_interrupts_lib.o)
                              c:/program files (x86)/microchip/xc32/v1.11/bin/../lib/gcc/pic32mx/4.5.1/../../../../pic32mx/lib\libmchp_peripheral_32MX534F064H.a(int_enable_mv_int_lib.o) (INTEnableInterrupts)
c:/program files (x86)/microchip/xc32/v1.11/bin/../lib/gcc/pic32mx/4.5.1\libgcc.a(_lshrdi3.o)
                              build/default/production/displayDriver/displayDriver.o (__lshrdi3)
c:/program files (x86)/microchip/xc32/v1.11/bin/../lib/gcc/pic32mx/4.5.1\libgcc.a(floatunsisf.o)
                              build/default/production/displayDriver/displayDriver.o (__floatunsisf)
c:/program files (x86)/microchip/xc32/v1.11/bin/../lib/gcc/pic32mx/4.5.1/../../../../pic32mx/lib\libpic32.a(memset.o)
                              build/default/production/displayDriver/displayDriver.o (memset)
c:/program files (x86)/microchip/xc32/v1.11/bin/../lib/gcc/pic32mx/4.5.1/../../../../pic32mx/lib\libpic32.a(default-bootstrap-exception-handler.o)
                              c:/program files (x86)/microchip/xc32/v1.11/bin/../lib/gcc/pic32mx/4.5.1/../../../../pic32mx/lib/crt0.o (_bootstrap_exception_handler)
c:/program files (x86)/microchip/xc32/v1.11/bin/../lib/gcc/pic32mx/4.5.1/../../../../pic32mx/lib\libpic32.a(default-on-reset.o)
                              c:/program files (x86)/microchip/xc32/v1.11/bin/../lib/gcc/pic32mx/4.5.1/../../../../pic32mx/lib/crt0.o (_on_reset)
c:/program files (x86)/microchip/xc32/v1.11/bin/../lib/gcc/pic32mx/4.5.1/../../../../pic32mx/lib\libpic32.a(default-on-bootstrap.o)
                              c:/program files (x86)/microchip/xc32/v1.11/bin/../lib/gcc/pic32mx/4.5.1/../../../../pic32mx/lib/crt0.o (_on_bootstrap)
c:/program files (x86)/microchip/xc32/v1.11/bin/../lib/gcc/pic32mx/4.5.1/../../../../pic32mx/lib\libpic32.a(default-nmi-handler.o)
                              c:/program files (x86)/microchip/xc32/v1.11/bin/../lib/gcc/pic32mx/4.5.1/../../../../pic32mx/lib/crt0.o (_nmi_handler)
c:/program files (x86)/microchip/xc32/v1.11/bin/../lib/gcc/pic32mx/4.5.1/../../../../pic32mx/lib\libpic32.a(general-exception.o)
                              c:/program files (x86)/microchip/xc32/v1.11/bin/../lib/gcc/pic32mx/4.5.1/../../../../pic32mx/lib/crt0.o (_general_exception_context)
c:/program files (x86)/microchip/xc32/v1.11/bin/../lib/gcc/pic32mx/4.5.1/../../../../pic32mx/lib\libpic32.a(vector0.o)
                              c:/program files (x86)/microchip/xc32/v1.11/bin/../lib/gcc/pic32mx/4.5.1/../../../../pic32mx/lib/./proc/32MX534F064H\processor.o (__vector_dispatch_0)
c:/program files (x86)/microchip/xc32/v1.11/bin/../lib/gcc/pic32mx/4.5.1/../../../../pic32mx/lib\libpic32.a(vector1.o)
                              c:/program files (x86)/microchip/xc32/v1.11/bin/../lib/gcc/pic32mx/4.5.1/../../../../pic32mx/lib/./proc/32MX534F064H\processor.o (__vector_dispatch_1)
c:/program files (x86)/microchip/xc32/v1.11/bin/../lib/gcc/pic32mx/4.5.1/../../../../pic32mx/lib\libpic32.a(vector2.o)
                              c:/program files (x86)/microchip/xc32/v1.11/bin/../lib/gcc/pic32mx/4.5.1/../../../../pic32mx/lib/./proc/32MX534F064H\processor.o (__vector_dispatch_2)
c:/program files (x86)/microchip/xc32/v1.11/bin/../lib/gcc/pic32mx/4.5.1/../../../../pic32mx/lib\libpic32.a(vector3.o)
                              c:/program files (x86)/microchip/xc32/v1.11/bin/../lib/gcc/pic32mx/4.5.1/../../../../pic32mx/lib/./proc/32MX534F064H\processor.o (__vector_dispatch_3)
c:/program files (x86)/microchip/xc32/v1.11/bin/../lib/gcc/pic32mx/4.5.1/../../../../pic32mx/lib\libpic32.a(vector5.o)
                              c:/program files (x86)/microchip/xc32/v1.11/bin/../lib/gcc/pic32mx/4.5.1/../../../../pic32mx/lib/./proc/32MX534F064H\processor.o (__vector_dispatch_5)
[...]
Memory Configuration

Name             Origin             Length             Attributes
kseg0_program_mem 0x9d000000         0x00010000         xr
kseg0_boot_mem   0x9fc00490         0x00000970
exception_mem    0x9fc01000         0x00001000
kseg1_boot_mem   0xbfc00000         0x00000490
debug_exec_mem   0xbfc02000         0x00000ff0
config3          0xbfc02ff0         0x00000004
config2          0xbfc02ff4         0x00000004
config1          0xbfc02ff8         0x00000004
config0          0xbfc02ffc         0x00000004
kseg1_data_mem   0xa0000000         0x00004000         w !x
sfrs             0xbf800000         0x00100000
configsfrs       0xbfc02ff0         0x00000010
*default*        0x00000000         0xffffffff

Linker script and memory map

LOAD c:/program files (x86)/microchip/xc32/v1.11/bin/../lib/gcc/pic32mx/4.5.1/../../../../pic32mx/lib/crt0.o
LOAD build/default/production/displayDriver/displayDriver.o
LOAD build/default/production/Examples/display_example1.o
LOAD build/default/production/fatfs/ff.o
LOAD build/default/production/fatfs/diskio.o
LOAD build/default/production/src/main.o
                0x00000001                __MPLAB_BUILD = 0x1
                0x000001f4                _min_stack_size = 0x1f4
                0x00000400                PROVIDE (_min_stack_size, 0x400)
LOAD c:/program files (x86)/microchip/xc32/v1.11/bin/../lib/gcc/pic32mx/4.5.1/../../../../pic32mx/lib/./proc/32MX534F064H\processor.o
START GROUP
LOAD c:/program files (x86)/microchip/xc32/v1.11/bin/../lib/gcc/pic32mx/4.5.1/../../../../pic32mx/lib\libmchp_peripheral.a
END GROUP
START GROUP
LOAD c:/program files (x86)/microchip/xc32/v1.11/bin/../lib/gcc/pic32mx/4.5.1/../../../../pic32mx/lib\libmchp_peripheral_32MX534F064H.a
END GROUP
                0x00000001                PROVIDE (_vector_spacing, 0x1)
                0x9fc01000                _ebase_address = 0x9fc01000
                0xbfc00000                _RESET_ADDR = 0xbfc00000
                0xbfc00380                _BEV_EXCPT_ADDR = 0xbfc00380
                0xbfc00480                _DBG_EXCPT_ADDR = 0xbfc00480
                0xbfc02000                _DBG_CODE_ADDR = 0xbfc02000
                0x00000ff0                _DBG_CODE_SIZE = 0xff0
                0x9fc01180                _GEN_EXCPT_ADDR = (_ebase_address + 0x180)

.config_BFC02FF0
 *(.config_BFC02FF0)

.config_BFC02FF4
                0xbfc02ff4        0x4
 *(.config_BFC02FF4)
 .config_BFC02FF4
                0xbfc02ff4        0x4 build/default/production/src/main.o

.config_BFC02FF8
                0xbfc02ff8        0x4
 *(.config_BFC02FF8)
 .config_BFC02FF8
                0xbfc02ff8        0x4 build/default/production/src/main.o

.config_BFC02FFC
 *(.config_BFC02FFC)
                0xbfc02000                PROVIDE (_DBG_CODE_ADDR, 0xbfc02000)
                0x00000ff0                PROVIDE (_DBG_CODE_SIZE, 0xff0)

.reset          0xbfc00000      0x1f4
 *(.reset)
 .reset         0xbfc00000       0x10 c:/program files (x86)/microchip/xc32/v1.11/bin/../lib/gcc/pic32mx/4.5.1/../../../../pic32mx/lib/crt0.o
                0xbfc00000                _reset
 *(.reset.startup)
 .reset.startup
                0xbfc00010      0x1e4 c:/program files (x86)/microchip/xc32/v1.11/bin/../lib/gcc/pic32mx/4.5.1/../../../../pic32mx/lib/crt0.o

.bev_excpt      0xbfc00380       0x10
 *(.bev_handler)
 .bev_handler   0xbfc00380       0x10 c:/program files (x86)/microchip/xc32/v1.11/bin/../lib/gcc/pic32mx/4.5.1/../../../../pic32mx/lib/crt0.o

.dbg_excpt      0xbfc00480        0x0
                0xbfc00480                . = (. + DEFINED (_DEBUGGER)?0x8:0x0)

.dbg_code       0xbfc02000        0x0
                0xbfc02000                . = (. + DEFINED (_DEBUGGER)?_DBG_CODE_SIZE:0x0)

.app_excpt      0x9fc01180       0x10
 *(.gen_handler)
 .gen_handler   0x9fc01180       0x10 c:/program files (x86)/microchip/xc32/v1.11/bin/../lib/gcc/pic32mx/4.5.1/../../../../pic32mx/lib/crt0.o

.vector_0       0x9fc01200        0x8
 *(.vector_0)
 .vector_0      0x9fc01200        0x8 c:/program files (x86)/microchip/xc32/v1.11/bin/../lib/gcc/pic32mx/4.5.1/../../../../pic32mx/lib\libpic32.a(vector0.o)
                0x9fc01200                __vector_dispatch_0
                0x00000001                ASSERT (((_vector_spacing == 0x0) || (SIZEOF (.vector_0) <= (_vector_spacing << 0x5))), function at exception vector 0 too large)

.vector_1       0x9fc01220        0x8
 *(.vector_1)
 .vector_1      0x9fc01220        0x8 c:/program files (x86)/microchip/xc32/v1.11/bin/../lib/gcc/pic32mx/4.5.1/../../../../pic32mx/lib\libpic32.a(vector1.o)
                0x9fc01220                __vector_dispatch_1
                0x00000001                ASSERT (((_vector_spacing == 0x0) || (SIZEOF (.vector_1) <= (_vector_spacing << 0x5))), function at exception vector 1 too large)

.vector_2       0x9fc01240        0x8
 *(.vector_2)
 .vector_2      0x9fc01240        0x8 c:/program files (x86)/microchip/xc32/v1.11/bin/../lib/gcc/pic32mx/4.5.1/../../../../pic32mx/lib\libpic32.a(vector2.o)
                0x9fc01240                __vector_dispatch_2
                0x00000001                ASSERT (((_vector_spacing == 0x0) || (SIZEOF (.vector_2) <= (_vector_spacing << 0x5))), function at exception vector 2 too large)

.vector_3       0x9fc01260        0x8
 *(.vector_3)
 .vector_3      0x9fc01260        0x8 c:/program files (x86)/microchip/xc32/v1.11/bin/../lib/gcc/pic32mx/4.5.1/../../../../pic32mx/lib\libpic32.a(vector3.o)
                0x9fc01260                __vector_dispatch_3
                0x00000001                ASSERT (((_vector_spacing == 0x0) || (SIZEOF (.vector_3) <= (_vector_spacing << 0x5))), function at exception vector 3 too large)

.vector_4       0x9fc01280        0x8
 *(.vector_4)
 .vector_4      0x9fc01280        0x8 build/default/production/src/main.o
                0x9fc01280                __vector_dispatch_4
                0x00000001                ASSERT (((_vector_spacing == 0x0) || (SIZEOF (.vector_4) <= (_vector_spacing << 0x5))), function at exception vector 4 too large)

.vector_5       0x9fc012a0        0x8
 *(.vector_5)
 .vector_5      0x9fc012a0        0x8 c:/program files (x86)/microchip/xc32/v1.11/bin/../lib/gcc/pic32mx/4.5.1/../../../../pic32mx/lib\libpic32.a(vector5.o)
                0x9fc012a0                __vector_dispatch_5
                0x00000001                ASSERT (((_vector_spacing == 0x0) || (SIZEOF (.vector_5) <= (_vector_spacing << 0x5))), function at exception vector 5 too large)

.vector_6       0x9fc012c0        0x8
 *(.vector_6)
 .vector_6      0x9fc012c0        0x8 c:/program files (x86)/microchip/xc32/v1.11/bin/../lib/gcc/pic32mx/4.5.1/../../../../pic32mx/lib\libpic32.a(vector6.o)
                0x9fc012c0                __vector_dispatch_6
                0x00000001                ASSERT (((_vector_spacing == 0x0) || (SIZEOF (.vector_6) <= (_vector_spacing << 0x5))), function at exception vector 6 too large)

.vector_7       0x9fc012e0        0x8
 *(.vector_7)
 .vector_7      0x9fc012e0        0x8 c:/program files (x86)/microchip/xc32/v1.11/bin/../lib/gcc/pic32mx/4.5.1/../../../../pic32mx/lib\libpic32.a(vector7.o)
                0x9fc012e0                __vector_dispatch_7
                0x00000001                ASSERT (((_vector_spacing == 0x0) || (SIZEOF (.vector_7) <= (_vector_spacing << 0x5))), function at exception vector 7 too large)

.vector_8       0x9fc01300        0x8
 *(.vector_8)
 .vector_8      0x9fc01300        0x8 c:/program files (x86)/microchip/xc32/v1.11/bin/../lib/gcc/pic32mx/4.5.1/../../../../pic32mx/lib\libpic32.a(vector8.o)
                0x9fc01300                __vector_dispatch_8
                0x00000001                ASSERT (((_vector_spacing == 0x0) || (SIZEOF (.vector_8) <= (_vector_spacing << 0x5))), function at exception vector 8 too large)

.vector_9       0x9fc01320        0x8
 *(.vector_9)
 .vector_9      0x9fc01320        0x8 c:/program files (x86)/microchip/xc32/v1.11/bin/../lib/gcc/pic32mx/4.5.1/../../../../pic32mx/lib\libpic32.a(vector9.o)
                0x9fc01320                __vector_dispatch_9
                0x00000001                ASSERT (((_vector_spacing == 0x0) || (SIZEOF (.vector_9) <= (_vector_spacing << 0x5))), function at exception vector 9 too large)

.vector_10      0x9fc01340        0x8
 *(.vector_10)
 .vector_10     0x9fc01340        0x8 c:/program files (x86)/microchip/xc32/v1.11/bin/../lib/gcc/pic32mx/4.5.1/../../../../pic32mx/lib\libpic32.a(vector10.o)
                0x9fc01340                __vector_dispatch_10
                0x00000001                ASSERT (((_vector_spacing == 0x0) || (SIZEOF (.vector_10) <= (_vector_spacing << 0x5))), function at exception vector 10 too large)

.vector_11      0x9fc01360        0x8
 *(.vector_11)
 .vector_11     0x9fc01360        0x8 c:/program files (x86)/microchip/xc32/v1.11/bin/../lib/gcc/pic32mx/4.5.1/../../../../pic32mx/lib\libpic32.a(vector11.o)
                0x9fc01360                __vector_dispatch_11
                0x00000001                ASSERT (((_vector_spacing == 0x0) || (SIZEOF (.vector_11) <= (_vector_spacing << 0x5))), function at exception vector 11 too large)

.vector_12      0x9fc01380        0x8
 *(.vector_12)
 .vector_12     0x9fc01380        0x8 c:/program files (x86)/microchip/xc32/v1.11/bin/../lib/gcc/pic32mx/4.5.1/../../../../pic32mx/lib\libpic32.a(vector12.o)
                0x9fc01380                __vector_dispatch_12
                0x00000001                ASSERT (((_vector_spacing == 0x0) || (SIZEOF (.vector_12) <= (_vector_spacing << 0x5))), function at exception vector 12 too large)

.vector_13      0x9fc013a0        0x8
 *(.vector_13)
 .vector_13     0x9fc013a0        0x8 c:/program files (x86)/microchip/xc32/v1.11/bin/../lib/gcc/pic32mx/4.5.1/../../../../pic32mx/lib\libpic32.a(vector13.o)
                0x9fc013a0                __vector_dispatch_13
                0x00000001                ASSERT (((_vector_spacing == 0x0) || (SIZEOF (.vector_13) <= (_vector_spacing << 0x5))), function at exception vector 13 too large)

.vector_14      0x9fc013c0        0x8
 *(.vector_14)
 .vector_14     0x9fc013c0        0x8 c:/program files (x86)/microchip/xc32/v1.11/bin/../lib/gcc/pic32mx/4.5.1/../../../../pic32mx/lib\libpic32.a(vector14.o)
                0x9fc013c0                __vector_dispatch_14
                0x00000001                ASSERT (((_vector_spacing == 0x0) || (SIZEOF (.vector_14) <= (_vector_spacing << 0x5))), function at exception vector 14 too large)

.vector_15      0x9fc013e0        0x8
 *(.vector_15)
 .vector_15     0x9fc013e0        0x8 c:/program files (x86)/microchip/xc32/v1.11/bin/../lib/gcc/pic32mx/4.5.1/../../../../pic32mx/lib\libpic32.a(vector15.o)
                0x9fc013e0                __vector_dispatch_15
                0x00000001                ASSERT (((_vector_spacing == 0x0) || (SIZEOF (.vector_15) <= (_vector_spacing << 0x5))), function at exception vector 15 too large)

.vector_16      0x9fc01400        0x8
 *(.vector_16)
 .vector_16     0x9fc01400        0x8 c:/program files (x86)/microchip/xc32/v1.11/bin/../lib/gcc/pic32mx/4.5.1/../../../../pic32mx/lib\libpic32.a(vector16.o)
                0x9fc01400                __vector_dispatch_16
                0x00000001                ASSERT (((_vector_spacing == 0x0) || (SIZEOF (.vector_16) <= (_vector_spacing << 0x5))), function at exception vector 16 too large)

.vector_17      0x9fc01420        0x8
 *(.vector_17)
 .vector_17     0x9fc01420        0x8 c:/program files (x86)/microchip/xc32/v1.11/bin/../lib/gcc/pic32mx/4.5.1/../../../../pic32mx/lib\libpic32.a(vector17.o)
                0x9fc01420                __vector_dispatch_17
                0x00000001                ASSERT (((_vector_spacing == 0x0) || (SIZEOF (.vector_17) <= (_vector_spacing << 0x5))), function at exception vector 17 too large)

.vector_18      0x9fc01440        0x8
 *(.vector_18)
 .vector_18     0x9fc01440        0x8 c:/program files (x86)/microchip/xc32/v1.11/bin/../lib/gcc/pic32mx/4.5.1/../../../../pic32mx/lib\libpic32.a(vector18.o)
                0x9fc01440                __vector_dispatch_18
                0x00000001                ASSERT (((_vector_spacing == 0x0) || (SIZEOF (.vector_18) <= (_vector_spacing << 0x5))), function at exception vector 18 too large)

.vector_19      0x9fc01460        0x8
 *(.vector_19)
 .vector_19     0x9fc01460        0x8 c:/program files (x86)/microchip/xc32/v1.11/bin/../lib/gcc/pic32mx/4.5.1/../../../../pic32mx/lib\libpic32.a(vector19.o)
                0x9fc01460                __vector_dispatch_19
                0x00000001                ASSERT (((_vector_spacing == 0x0) || (SIZEOF (.vector_19) <= (_vector_spacing << 0x5))), function at exception vector 19 too large)

.vector_20      0x9fc01480        0x8
 *(.vector_20)
 .vector_20     0x9fc01480        0x8 c:/program files (x86)/microchip/xc32/v1.11/bin/../lib/gcc/pic32mx/4.5.1/../../../../pic32mx/lib\libpic32.a(vector20.o)
                0x9fc01480                __vector_dispatch_20
                0x00000001                ASSERT (((_vector_spacing == 0x0) || (SIZEOF (.vector_20) <= (_vector_spacing << 0x5))), function at exception vector 20 too large)

.vector_21      0x9fc014a0        0x8
 *(.vector_21)
 .vector_21     0x9fc014a0        0x8 c:/program files (x86)/microchip/xc32/v1.11/bin/../lib/gcc/pic32mx/4.5.1/../../../../pic32mx/lib\libpic32.a(vector21.o)
                0x9fc014a0                __vector_dispatch_21
                0x00000001                ASSERT (((_vector_spacing == 0x0) || (SIZEOF (.vector_21) <= (_vector_spacing << 0x5))), function at exception vector 21 too large)

.vector_22      0x9fc014c0        0x8
 *(.vector_22)
 .vector_22     0x9fc014c0        0x8 c:/program files (x86)/microchip/xc32/v1.11/bin/../lib/gcc/pic32mx/4.5.1/../../../../pic32mx/lib\libpic32.a(vector22.o)
                0x9fc014c0                __vector_dispatch_22
                0x00000001                ASSERT (((_vector_spacing == 0x0) || (SIZEOF (.vector_22) <= (_vector_spacing << 0x5))), function at exception vector 22 too large)

.vector_23      0x9fc014e0        0x8
 *(.vector_23)
 .vector_23     0x9fc014e0        0x8 c:/program files (x86)/microchip/xc32/v1.11/bin/../lib/gcc/pic32mx/4.5.1/../../../../pic32mx/lib\libpic32.a(vector23.o)
                0x9fc014e0                __vector_dispatch_23
                0x00000001                ASSERT (((_vector_spacing == 0x0) || (SIZEOF (.vector_23) <= (_vector_spacing << 0x5))), function at exception vector 23 too large)

.vector_24      0x9fc01500        0x8
 *(.vector_24)
 .vector_24     0x9fc01500        0x8 c:/program files (x86)/microchip/xc32/v1.11/bin/../lib/gcc/pic32mx/4.5.1/../../../../pic32mx/lib\libpic32.a(vector24.o)
                0x9fc01500                __vector_dispatch_24
                0x00000001                ASSERT (((_vector_spacing == 0x0) || (SIZEOF (.vector_24) <= (_vector_spacing << 0x5))), function at exception vector 24 too large)

.vector_25      0x9fc01520        0x8
 *(.vector_25)
 .vector_25     0x9fc01520        0x8 c:/program files (x86)/microchip/xc32/v1.11/bin/../lib/gcc/pic32mx/4.5.1/../../../../pic32mx/lib\libpic32.a(vector25.o)
                0x9fc01520                __vector_dispatch_25
                0x00000001                ASSERT (((_vector_spacing == 0x0) || (SIZEOF (.vector_25) <= (_vector_spacing << 0x5))), function at exception vector 25 too large)

.vector_26      0x9fc01540        0x8
 *(.vector_26)
 .vector_26     0x9fc01540        0x8 c:/program files (x86)/microchip/xc32/v1.11/bin/../lib/gcc/pic32mx/4.5.1/../../../../pic32mx/lib\libpic32.a(vector26.o)
                0x9fc01540                __vector_dispatch_26
                0x00000001                ASSERT (((_vector_spacing == 0x0) || (SIZEOF (.vector_26) <= (_vector_spacing << 0x5))), function at exception vector 26 too large)

.vector_27      0x9fc01560        0x8
 *(.vector_27)
 .vector_27     0x9fc01560        0x8 c:/program files (x86)/microchip/xc32/v1.11/bin/../lib/gcc/pic32mx/4.5.1/../../../../pic32mx/lib\libpic32.a(vector27.o)
                0x9fc01560                __vector_dispatch_27
                0x00000001                ASSERT (((_vector_spacing == 0x0) || (SIZEOF (.vector_27) <= (_vector_spacing << 0x5))), function at exception vector 27 too large)

.vector_28      0x9fc01580        0x8
 *(.vector_28)
 .vector_28     0x9fc01580        0x8 c:/program files (x86)/microchip/xc32/v1.11/bin/../lib/gcc/pic32mx/4.5.1/../../../../pic32mx/lib\libpic32.a(vector28.o)
                0x9fc01580                __vector_dispatch_28
                0x00000001                ASSERT (((_vector_spacing == 0x0) || (SIZEOF (.vector_28) <= (_vector_spacing << 0x5))), function at exception vector 28 too large)

.vector_29      0x9fc015a0        0x8
 *(.vector_29)
 .vector_29     0x9fc015a0        0x8 c:/program files (x86)/microchip/xc32/v1.11/bin/../lib/gcc/pic32mx/4.5.1/../../../../pic32mx/lib\libpic32.a(vector29.o)
                0x9fc015a0                __vector_dispatch_29
                0x00000001                ASSERT (((_vector_spacing == 0x0) || (SIZEOF (.vector_29) <= (_vector_spacing << 0x5))), function at exception vector 29 too large)

.vector_30      0x9fc015c0        0x8
 *(.vector_30)
 .vector_30     0x9fc015c0        0x8 c:/program files (x86)/microchip/xc32/v1.11/bin/../lib/gcc/pic32mx/4.5.1/../../../../pic32mx/lib\libpic32.a(vector30.o)
                0x9fc015c0                __vector_dispatch_30
                0x00000001                ASSERT (((_vector_spacing == 0x0) || (SIZEOF (.vector_30) <= (_vector_spacing << 0x5))), function at exception vector 30 too large)

.vector_31      0x9fc015e0        0x8
 *(.vector_31)
 .vector_31     0x9fc015e0        0x8 c:/program files (x86)/microchip/xc32/v1.11/bin/../lib/gcc/pic32mx/4.5.1/../../../../pic32mx/lib\libpic32.a(vector31.o)
                0x9fc015e0                __vector_dispatch_31
                0x00000001                ASSERT (((_vector_spacing == 0x0) || (SIZEOF (.vector_31) <= (_vector_spacing << 0x5))), function at exception vector 31 too large)

.vector_32      0x9fc01600        0x8
 *(.vector_32)
 .vector_32     0x9fc01600        0x8 c:/program files (x86)/microchip/xc32/v1.11/bin/../lib/gcc/pic32mx/4.5.1/../../../../pic32mx/lib\libpic32.a(vector32.o)
                0x9fc01600                __vector_dispatch_32
                0x00000001                ASSERT (((_vector_spacing == 0x0) || (SIZEOF (.vector_32) <= (_vector_spacing << 0x5))), function at exception vector 32 too large)

.vector_33      0x9fc01620        0x8
 *(.vector_33)
 .vector_33     0x9fc01620        0x8 c:/program files (x86)/microchip/xc32/v1.11/bin/../lib/gcc/pic32mx/4.5.1/../../../../pic32mx/lib\libpic32.a(vector33.o)
                0x9fc01620                __vector_dispatch_33
                0x00000001                ASSERT (((_vector_spacing == 0x0) || (SIZEOF (.vector_33) <= (_vector_spacing << 0x5))), function at exception vector 33 too large)

.vector_34      0x9fc01640        0x8
 *(.vector_34)
 .vector_34     0x9fc01640        0x8 c:/program files (x86)/microchip/xc32/v1.11/bin/../lib/gcc/pic32mx/4.5.1/../../../../pic32mx/lib\libpic32.a(vector34.o)
                0x9fc01640                __vector_dispatch_34
                0x00000001                ASSERT (((_vector_spacing == 0x0) || (SIZEOF (.vector_34) <= (_vector_spacing << 0x5))), function at exception vector 34 too large)

.vector_35      0x9fc01660        0x8
 *(.vector_35)
 .vector_35     0x9fc01660        0x8 c:/program files (x86)/microchip/xc32/v1.11/bin/../lib/gcc/pic32mx/4.5.1/../../../../pic32mx/lib\libpic32.a(vector35.o)
                0x9fc01660                __vector_dispatch_35
                0x00000001                ASSERT (((_vector_spacing == 0x0) || (SIZEOF (.vector_35) <= (_vector_spacing << 0x5))), function at exception vector 35 too large)

.vector_36      0x9fc01680        0x8
 *(.vector_36)
 .vector_36     0x9fc01680        0x8 c:/program files (x86)/microchip/xc32/v1.11/bin/../lib/gcc/pic32mx/4.5.1/../../../../pic32mx/lib\libpic32.a(vector36.o)
                0x9fc01680                __vector_dispatch_36
                0x00000001                ASSERT (((_vector_spacing == 0x0) || (SIZEOF (.vector_36) <= (_vector_spacing << 0x5))), function at exception vector 36 too large)

.vector_37      0x9fc016a0        0x8
 *(.vector_37)
 .vector_37     0x9fc016a0        0x8 c:/program files (x86)/microchip/xc32/v1.11/bin/../lib/gcc/pic32mx/4.5.1/../../../../pic32mx/lib\libpic32.a(vector37.o)
                0x9fc016a0                __vector_dispatch_37
                0x00000001                ASSERT (((_vector_spacing == 0x0) || (SIZEOF (.vector_37) <= (_vector_spacing << 0x5))), function at exception vector 37 too large)

.vector_38      0x9fc016c0        0x8
 *(.vector_38)
 .vector_38     0x9fc016c0        0x8 c:/program files (x86)/microchip/xc32/v1.11/bin/../lib/gcc/pic32mx/4.5.1/../../../../pic32mx/lib\libpic32.a(vector38.o)
                0x9fc016c0                __vector_dispatch_38
                0x00000001                ASSERT (((_vector_spacing == 0x0) || (SIZEOF (.vector_38) <= (_vector_spacing << 0x5))), function at exception vector 38 too large)

.vector_39      0x9fc016e0        0x8
 *(.vector_39)
 .vector_39     0x9fc016e0        0x8 c:/program files (x86)/microchip/xc32/v1.11/bin/../lib/gcc/pic32mx/4.5.1/../../../../pic32mx/lib\libpic32.a(vector39.o)
                0x9fc016e0                __vector_dispatch_39
                0x00000001                ASSERT (((_vector_spacing == 0x0) || (SIZEOF (.vector_39) <= (_vector_spacing << 0x5))), function at exception vector 39 too large)

.vector_40      0x9fc01700        0x8
 *(.vector_40)
 .vector_40     0x9fc01700        0x8 c:/program files (x86)/microchip/xc32/v1.11/bin/../lib/gcc/pic32mx/4.5.1/../../../../pic32mx/lib\libpic32.a(vector40.o)
                0x9fc01700                __vector_dispatch_40
                0x00000001                ASSERT (((_vector_spacing == 0x0) || (SIZEOF (.vector_40) <= (_vector_spacing << 0x5))), function at exception vector 40 too large)

.vector_41      0x9fc01720        0x8
 *(.vector_41)
 .vector_41     0x9fc01720        0x8 c:/program files (x86)/microchip/xc32/v1.11/bin/../lib/gcc/pic32mx/4.5.1/../../../../pic32mx/lib\libpic32.a(vector41.o)
                0x9fc01720                __vector_dispatch_41
                0x00000001                ASSERT (((_vector_spacing == 0x0) || (SIZEOF (.vector_41) <= (_vector_spacing << 0x5))), function at exception vector 41 too large)

.vector_42      0x9fc01740        0x8
 *(.vector_42)
 .vector_42     0x9fc01740        0x8 c:/program files (x86)/microchip/xc32/v1.11/bin/../lib/gcc/pic32mx/4.5.1/../../../../pic32mx/lib\libpic32.a(vector42.o)
                0x9fc01740                __vector_dispatch_42
                0x00000001                ASSERT (((_vector_spacing == 0x0) || (SIZEOF (.vector_42) <= (_vector_spacing << 0x5))), function at exception vector 42 too large)

.vector_43      0x9fc01760        0x8
 *(.vector_43)
 .vector_43     0x9fc01760        0x8 c:/program files (x86)/microchip/xc32/v1.11/bin/../lib/gcc/pic32mx/4.5.1/../../../../pic32mx/lib\libpic32.a(vector43.o)
                0x9fc01760                __vector_dispatch_43
                0x00000001                ASSERT (((_vector_spacing == 0x0) || (SIZEOF (.vector_43) <= (_vector_spacing << 0x5))), function at exception vector 43 too large)

.vector_44      0x9fc01780        0x8
 *(.vector_44)
 .vector_44     0x9fc01780        0x8 c:/program files (x86)/microchip/xc32/v1.11/bin/../lib/gcc/pic32mx/4.5.1/../../../../pic32mx/lib\libpic32.a(vector44.o)
                0x9fc01780                __vector_dispatch_44
                0x00000001                ASSERT (((_vector_spacing == 0x0) || (SIZEOF (.vector_44) <= (_vector_spacing << 0x5))), function at exception vector 44 too large)

.vector_45      0x9fc017a0        0x8
 *(.vector_45)
 .vector_45     0x9fc017a0        0x8 c:/program files (x86)/microchip/xc32/v1.11/bin/../lib/gcc/pic32mx/4.5.1/../../../../pic32mx/lib\libpic32.a(vector45.o)
                0x9fc017a0                __vector_dispatch_45
                0x00000001                ASSERT (((_vector_spacing == 0x0) || (SIZEOF (.vector_45) <= (_vector_spacing << 0x5))), function at exception vector 45 too large)

.vector_46      0x9fc017c0        0x8
 *(.vector_46)
 .vector_46     0x9fc017c0        0x8 c:/program files (x86)/microchip/xc32/v1.11/bin/../lib/gcc/pic32mx/4.5.1/../../../../pic32mx/lib\libpic32.a(vector46.o)
                0x9fc017c0                __vector_dispatch_46
                0x00000001                ASSERT (((_vector_spacing == 0x0) || (SIZEOF (.vector_46) <= (_vector_spacing << 0x5))), function at exception vector 46 too large)

.vector_47      0x9fc017e0        0x8
 *(.vector_47)
 .vector_47     0x9fc017e0        0x8 c:/program files (x86)/microchip/xc32/v1.11/bin/../lib/gcc/pic32mx/4.5.1/../../../../pic32mx/lib\libpic32.a(vector47.o)
                0x9fc017e0                __vector_dispatch_47
                0x00000001                ASSERT (((_vector_spacing == 0x0) || (SIZEOF (.vector_47) <= (_vector_spacing << 0x5))), function at exception vector 47 too large)

.vector_48      0x9fc01800        0x8
 *(.vector_48)
 .vector_48     0x9fc01800        0x8 c:/program files (x86)/microchip/xc32/v1.11/bin/../lib/gcc/pic32mx/4.5.1/../../../../pic32mx/lib\libpic32.a(vector48.o)
                0x9fc01800                __vector_dispatch_48
                0x00000001                ASSERT (((_vector_spacing == 0x0) || (SIZEOF (.vector_48) <= (_vector_spacing << 0x5))), function at exception vector 48 too large)

.vector_49      0x9fc01820        0x8
 *(.vector_49)
 .vector_49     0x9fc01820        0x8 c:/program files (x86)/microchip/xc32/v1.11/bin/../lib/gcc/pic32mx/4.5.1/../../../../pic32mx/lib\libpic32.a(vector49.o)
                0x9fc01820                __vector_dispatch_49
                0x00000001                ASSERT (((_vector_spacing == 0x0) || (SIZEOF (.vector_49) <= (_vector_spacing << 0x5))), function at exception vector 49 too large)

.vector_50      0x9fc01840        0x8
 *(.vector_50)
 .vector_50     0x9fc01840        0x8 c:/program files (x86)/microchip/xc32/v1.11/bin/../lib/gcc/pic32mx/4.5.1/../../../../pic32mx/lib\libpic32.a(vector50.o)
                0x9fc01840                __vector_dispatch_50
                0x00000001                ASSERT (((_vector_spacing == 0x0) || (SIZEOF (.vector_50) <= (_vector_spacing << 0x5))), function at exception vector 50 too large)

.vector_51      0x9fc01860        0x8
 *(.vector_51)
 .vector_51     0x9fc01860        0x8 c:/program files (x86)/microchip/xc32/v1.11/bin/../lib/gcc/pic32mx/4.5.1/../../../../pic32mx/lib\libpic32.a(vector51.o)
                0x9fc01860                __vector_dispatch_51
                0x00000001                ASSERT (((_vector_spacing == 0x0) || (SIZEOF (.vector_51) <= (_vector_spacing << 0x5))), function at exception vector 51 too large)

.vector_52      0x9fc01880        0x8
 *(.vector_52)
 .vector_52     0x9fc01880        0x8 c:/program files (x86)/microchip/xc32/v1.11/bin/../lib/gcc/pic32mx/4.5.1/../../../../pic32mx/lib\libpic32.a(vector52.o)
                0x9fc01880                __vector_dispatch_52
                0x00000001                ASSERT (((_vector_spacing == 0x0) || (SIZEOF (.vector_52) <= (_vector_spacing << 0x5))), function at exception vector 52 too large)

.vector_53      0x9fc018a0        0x8
 *(.vector_53)
 .vector_53     0x9fc018a0        0x8 c:/program files (x86)/microchip/xc32/v1.11/bin/../lib/gcc/pic32mx/4.5.1/../../../../pic32mx/lib\libpic32.a(vector53.o)
                0x9fc018a0                __vector_dispatch_53
                0x00000001                ASSERT (((_vector_spacing == 0x0) || (SIZEOF (.vector_53) <= (_vector_spacing << 0x5))), function at exception vector 53 too large)

.vector_54      0x9fc018c0        0x8
 *(.vector_54)
 .vector_54     0x9fc018c0        0x8 c:/program files (x86)/microchip/xc32/v1.11/bin/../lib/gcc/pic32mx/4.5.1/../../../../pic32mx/lib\libpic32.a(vector54.o)
                0x9fc018c0                __vector_dispatch_54
                0x00000001                ASSERT (((_vector_spacing == 0x0) || (SIZEOF (.vector_54) <= (_vector_spacing << 0x5))), function at exception vector 54 too large)

.vector_55      0x9fc018e0        0x8
 *(.vector_55)
 .vector_55     0x9fc018e0        0x8 c:/program files (x86)/microchip/xc32/v1.11/bin/../lib/gcc/pic32mx/4.5.1/../../../../pic32mx/lib\libpic32.a(vector55.o)
                0x9fc018e0                __vector_dispatch_55
                0x00000001                ASSERT (((_vector_spacing == 0x0) || (SIZEOF (.vector_55) <= (_vector_spacing << 0x5))), function at exception vector 55 too large)

.vector_56      0x9fc01900        0x8
 *(.vector_56)
 .vector_56     0x9fc01900        0x8 c:/program files (x86)/microchip/xc32/v1.11/bin/../lib/gcc/pic32mx/4.5.1/../../../../pic32mx/lib\libpic32.a(vector56.o)
                0x9fc01900                __vector_dispatch_56
                0x00000001                ASSERT (((_vector_spacing == 0x0) || (SIZEOF (.vector_56) <= (_vector_spacing << 0x5))), function at exception vector 56 too large)

.vector_57      0x9fc01920        0x8
 *(.vector_57)
 .vector_57     0x9fc01920        0x8 c:/program files (x86)/microchip/xc32/v1.11/bin/../lib/gcc/pic32mx/4.5.1/../../../../pic32mx/lib\libpic32.a(vector57.o)
                0x9fc01920                __vector_dispatch_57
                0x00000001                ASSERT (((_vector_spacing == 0x0) || (SIZEOF (.vector_57) <= (_vector_spacing << 0x5))), function at exception vector 57 too large)

.vector_58      0x9fc01940        0x8
 *(.vector_58)
 .vector_58     0x9fc01940        0x8 c:/program files (x86)/microchip/xc32/v1.11/bin/../lib/gcc/pic32mx/4.5.1/../../../../pic32mx/lib\libpic32.a(vector58.o)
                0x9fc01940                __vector_dispatch_58
                0x00000001                ASSERT (((_vector_spacing == 0x0) || (SIZEOF (.vector_58) <= (_vector_spacing << 0x5))), function at exception vector 58 too large)

.vector_59      0x9fc01960        0x8
 *(.vector_59)
 .vector_59     0x9fc01960        0x8 c:/program files (x86)/microchip/xc32/v1.11/bin/../lib/gcc/pic32mx/4.5.1/../../../../pic32mx/lib\libpic32.a(vector59.o)
                0x9fc01960                __vector_dispatch_59
                0x00000001                ASSERT (((_vector_spacing == 0x0) || (SIZEOF (.vector_59) <= (_vector_spacing << 0x5))), function at exception vector 59 too large)

.vector_60      0x9fc01980        0x8
 *(.vector_60)
 .vector_60     0x9fc01980        0x8 c:/program files (x86)/microchip/xc32/v1.11/bin/../lib/gcc/pic32mx/4.5.1/../../../../pic32mx/lib\libpic32.a(vector60.o)
                0x9fc01980                __vector_dispatch_60
                0x00000001                ASSERT (((_vector_spacing == 0x0) || (SIZEOF (.vector_60) <= (_vector_spacing << 0x5))), function at exception vector 60 too large)

.vector_61      0x9fc019a0        0x8
 *(.vector_61)
 .vector_61     0x9fc019a0        0x8 c:/program files (x86)/microchip/xc32/v1.11/bin/../lib/gcc/pic32mx/4.5.1/../../../../pic32mx/lib\libpic32.a(vector61.o)
                0x9fc019a0                __vector_dispatch_61
                0x00000001                ASSERT (((_vector_spacing == 0x0) || (SIZEOF (.vector_61) <= (_vector_spacing << 0x5))), function at exception vector 61 too large)

.vector_62      0x9fc019c0        0x8
 *(.vector_62)
 .vector_62     0x9fc019c0        0x8 c:/program files (x86)/microchip/xc32/v1.11/bin/../lib/gcc/pic32mx/4.5.1/../../../../pic32mx/lib\libpic32.a(vector62.o)
                0x9fc019c0                __vector_dispatch_62
                0x00000001                ASSERT (((_vector_spacing == 0x0) || (SIZEOF (.vector_62) <= (_vector_spacing << 0x5))), function at exception vector 62 too large)

.vector_63      0x9fc019e0        0x8
 *(.vector_63)
 .vector_63     0x9fc019e0        0x8 c:/program files (x86)/microchip/xc32/v1.11/bin/../lib/gcc/pic32mx/4.5.1/../../../../pic32mx/lib\libpic32.a(vector63.o)
                0x9fc019e0                __vector_dispatch_63
                0x00000001                ASSERT (((_vector_spacing == 0x0) || (SIZEOF (.vector_63) <= (_vector_spacing << 0x5))), function at exception vector 63 too large)

.startup
 *(.startup)

.text           0x9d000000        0x0
 *(.stub .gnu.linkonce.t.*)
 *(.text.*personality*)
 *(.mips16.fn.*)
 *(.mips16.call.*)
 *(.gnu.warning)
                0x9d000000                . = ALIGN (0x4)

.init           0x9d000000        0x0
 *crti.o(.init)
 *crtbegin.o(.init)
 *(EXCLUDE_FILE(*crtn.o *crtend?.o *crtend.o) .init)
 *crtend.o(.init)
 *crtn.o(.init)
                0x9d000000                . = ALIGN (0x4)

.fini           0x9d000000        0x0
 *(.fini)
                0x9d000000                . = ALIGN (0x4)

.preinit_array  0x9d000000        0x0
                0x9d000000                PROVIDE (__preinit_array_start, .)
 *(.preinit_array)
                0x9d000000                PROVIDE (__preinit_array_end, .)
                0x9d000000                . = ALIGN (0x4)

.init_array     0x9d000000        0x0
                0x9d000000                PROVIDE (__init_array_start, .)
 *(SORT(.init_array.*))
 *(.init_array)
                0x9d000000                PROVIDE (__init_array_end, .)
                0x9d000000                . = ALIGN (0x4)

.fini_array     0x9d000000        0x0
                0x9d000000                PROVIDE (__fini_array_start, .)
 *(SORT(.fini_array.*))
 *(.fini_array)
                0x9d000000                PROVIDE (__fini_array_end, .)
                0x9d000000                . = ALIGN (0x4)

.ctors          0x9d000000        0x0
 *crtbegin.o(.ctors)
 *crtbegin?.o(.ctors)
 *(EXCLUDE_FILE(*crtend?.o *crtend.o) .ctors)
 *(SORT(.ctors.*))
 *(.ctors)
                0x9d000000                . = ALIGN (0x4)

.dtors          0x9d000000        0x0
 *crtbegin.o(.dtors)
 *crtbegin?.o(.dtors)
 *(EXCLUDE_FILE(*crtend?.o *crtend.o) .dtors)
 *(SORT(.dtors.*))
 *(.dtors)
                0x9d000000                . = ALIGN (0x4)

.rodata         0x9d000000        0x0
 *(.gnu.linkonce.r.*)
 *(.rodata1)
                0x9d000000                . = ALIGN (0x4)

.sdata2         0x9fc00490        0x0
 *(.sdata2 .sdata2.* .gnu.linkonce.s2.*)
                0x9fc00490                . = ALIGN (0x4)

.sbss2          0x9fc00490        0x0
 *(.sbss2 .sbss2.* .gnu.linkonce.sb2.*)
                0x9fc00490                . = ALIGN (0x4)

.eh_frame_hdr
 *(.eh_frame_hdr)
                0x9fc00490                . = ALIGN (0x4)

.eh_frame
 *(.eh_frame)
                0x9fc00490                . = ALIGN (0x4)

.gcc_except_table
 *(.gcc_except_table .gcc_except_table.*)
                0x9fc00490                . = ALIGN (0x4)

.dbg_data       0xa0000000        0x0
                0xa0000000                . = (. + DEFINED (_DEBUGGER)?0x200:0x0)

.jcr            0xa0000000        0x0
 *(.jcr)
                0xa0000000                . = ALIGN (0x4)

.eh_frame       0xa0000000       0x30
 *(.eh_frame)
 .eh_frame      0xa0000000       0x20 c:/program files (x86)/microchip/xc32/v1.11/bin/../lib/gcc/pic32mx/4.5.1\libgcc.a(_udivdi3.o)
 .eh_frame      0xa0000020       0x10 c:/program files (x86)/microchip/xc32/v1.11/bin/../lib/gcc/pic32mx/4.5.1\libgcc.a(_umoddi3.o)
                0xa0000030                . = ALIGN (0x4)

.gcc_except_table
 *(.gcc_except_table .gcc_except_table.*)
                0xa0000030                . = ALIGN (0x4)

.persist        0xa0000030        0x0
                0xa0000030                _persist_begin = .
 *(.persist .persist.*)
 *(.pbss .pbss.*)
                0xa0000030                . = ALIGN (0x4)
                0xa0000030                _persist_end = .

.data           0xa0000030        0x0
 *(.gnu.linkonce.d.*)
 *(.data1)
                0xa0000030                . = ALIGN (0x4)
                0xa0000030                . = .
                0xa0008020                _gp = (ALIGN (0x10) + 0x7ff0)

.got            0xa0000030        0x0
 *(.got.plt)
 *(.got)
                0xa0000030                . = ALIGN (0x4)

.sdata          0xa0000030       0x10
                0xa0000030                _sdata_begin = .
 *(.sdata .sdata.* .gnu.linkonce.s.*)
 .sdata         0xa0000030        0x4 build/default/production/displayDriver/displayDriver.o
                0xa0000030                BITS_PER_CHANNEL
                0xa0000032                BRIGHTNESS
 .sdata         0xa0000034        0x1 build/default/production/fatfs/diskio.o
 *fill*         0xa0000035        0x3 00
 .sdata         0xa0000038        0x4 c:/program files (x86)/microchip/xc32/v1.11/bin/../lib/gcc/pic32mx/4.5.1/../../../../pic32mx/lib\libc.a(_iob.o)
                0xa0000038                _Files
 .sdata         0xa000003c        0x4 c:/program files (x86)/microchip/xc32/v1.11/bin/../lib/gcc/pic32mx/4.5.1/../../../../pic32mx/lib\libpic32.a(xc32_uart.o)
                0xa000003c                __XC_UART
                0xa0000040                . = ALIGN (0x4)
                0xa0000040                _sdata_end = .

.lit8
 *(.lit8)

.lit4
 *(.lit4)
                0xa0000040                . = ALIGN (0x4)
                0xa0000040                _data_end = .
                0xa0000040                _bss_begin = .

.sbss           0xa0000040       0x24
                0xa0000040                _sbss_begin = .
 *(.dynsbss)
 *(.sbss .sbss.* .gnu.linkonce.sb.*)
 .sbss          0xa0000040        0xc build/default/production/displayDriver/displayDriver.o
                0xa0000040                SELECTED_FONT
                0xa0000048                positionX
                0xa0000049                positionY
 .sbss          0xa000004c        0x8 build/default/production/fatfs/ff.o
 .sbss          0xa0000054        0xc build/default/production/fatfs/diskio.o
 .sbss          0xa0000060        0x1 c:/program files (x86)/microchip/xc32/v1.11/bin/../lib/gcc/pic32mx/4.5.1/../../../../pic32mx/lib\libc.a(_iob.o)
                0xa0000060                _outdone
 *(.scommon)
                0xa0000061                _sbss_end = .
                0xa0000064                . = ALIGN (0x4)
 *fill*         0xa0000061        0x3 00

.bss            0xa0000064        0x0
 *(.dynbss)
 *(COMMON)
                0xa0000064                . = ALIGN ((. != 0x0)?0x4:0x1)
                0xa0000064                . = ALIGN (0x4)
                0xa0000064                _end = .
                0xa0000064                _bss_end = .
                0x00004000                _bmxdudba_address = 0x4000
                0x00004000                _bmxdupba_address = 0x4000

/DISCARD/
 *(.pdr)
 *(.rel.dyn)
 *(.note.GNU-stack)
 *(.note.GNU-stack)
 *(.gnu_debuglink)
 *(.gnu.lto_*)
 *(.discard)

.gptab.sdata
 *(.gptab.data)
 *(.gptab.sdata)

.gptab.sbss
 *(.gptab.bss)
 *(.gptab.sbss)

.mdebug.abi32   0xa0000064        0x0
 *(.mdebug.abi32)
 .mdebug.abi32  0xa0000064        0x0 build/default/production/displayDriver/displayDriver.o
 .mdebug.abi32  0xa0000064        0x0 build/default/production/Examples/display_example1.o
 .mdebug.abi32  0xa0000064        0x0 build/default/production/fatfs/ff.o
 .mdebug.abi32  0xa0000064        0x0 build/default/production/fatfs/diskio.o
 .mdebug.abi32  0xa0000064        0x0 build/default/production/src/main.o
 .mdebug.abi32  0xa0000064        0x0 c:/program files (x86)/microchip/xc32/v1.11/bin/../lib/gcc/pic32mx/4.5.1/../../../../pic32mx/lib\libmchp_peripheral_32MX534F064H.a(pcache.o)
 .mdebug.abi32  0xa0000064        0x0 c:/program files (x86)/microchip/xc32/v1.11/bin/../lib/gcc/pic32mx/4.5.1/../../../../pic32mx/lib\libmchp_peripheral_32MX534F064H.a(int_disable_interrupts_lib.o)
 .mdebug.abi32  0xa0000064        0x0 c:/program files (x86)/microchip/xc32/v1.11/bin/../lib/gcc/pic32mx/4.5.1/../../../../pic32mx/lib\libmchp_peripheral_32MX534F064H.a(int_restore_interrupts_lib.o)
 .mdebug.abi32  0xa0000064        0x0 c:/program files (x86)/microchip/xc32/v1.11/bin/../lib/gcc/pic32mx/4.5.1/../../../../pic32mx/lib\libmchp_peripheral_32MX534F064H.a(int_enable_mv_int_lib.o)
 .mdebug.abi32  0xa0000064        0x0 c:/program files (x86)/microchip/xc32/v1.11/bin/../lib/gcc/pic32mx/4.5.1/../../../../pic32mx/lib\libmchp_peripheral_32MX534F064H.a(int_enable_interrupts_lib.o)
 .mdebug.abi32  0xa0000064        0x0 c:/program files (x86)/microchip/xc32/v1.11/bin/../lib/gcc/pic32mx/4.5.1\libgcc.a(_lshrdi3.o)
 .mdebug.abi32  0xa0000064        0x0 c:/program files (x86)/microchip/xc32/v1.11/bin/../lib/gcc/pic32mx/4.5.1\libgcc.a(floatunsisf.o)
 .mdebug.abi32  0xa0000064        0x0 c:/program files (x86)/microchip/xc32/v1.11/bin/../lib/gcc/pic32mx/4.5.1/../../../../pic32mx/lib\libpic32.a(default-bootstrap-exception-handler.o)
 .mdebug.abi32  0xa0000064        0x0 c:/program files (x86)/microchip/xc32/v1.11/bin/../lib/gcc/pic32mx/4.5.1/../../../../pic32mx/lib\libpic32.a(default-on-reset.o)
 .mdebug.abi32  0xa0000064        0x0 c:/program files (x86)/microchip/xc32/v1.11/bin/../lib/gcc/pic32mx/4.5.1/../../../../pic32mx/lib\libpic32.a(default-on-bootstrap.o)
 .mdebug.abi32  0xa0000064        0x0 c:/program files (x86)/microchip/xc32/v1.11/bin/../lib/gcc/pic32mx/4.5.1/../../../../pic32mx/lib\libpic32.a(default-general-exception-handler.o)
 .mdebug.abi32  0xa0000064        0x0 c:/program files (x86)/microchip/xc32/v1.11/bin/../lib/gcc/pic32mx/4.5.1/../../../../pic32mx/lib\libpic32.a(defaultinterrupt.o)
 .mdebug.abi32  0xa0000064        0x0 c:/program files (x86)/microchip/xc32/v1.11/bin/../lib/gcc/pic32mx/4.5.1/../../../../pic32mx/lib\libc.a(rand.o)
 .mdebug.abi32  0xa0000064        0x0 c:/program files (x86)/microchip/xc32/v1.11/bin/../lib/gcc/pic32mx/4.5.1/../../../../pic32mx/lib\libc.a(sprintf_s.eo)
 .mdebug.abi32  0xa0000064        0x0 c:/program files (x86)/microchip/xc32/v1.11/bin/../lib/gcc/pic32mx/4.5.1/../../../../pic32mx/lib\libc.a(doprnt_s.eo)
 .mdebug.abi32  0xa0000064        0x0 c:/program files (x86)/microchip/xc32/v1.11/bin/../lib/gcc/pic32mx/4.5.1/../../../../pic32mx/lib\libc.a(_fputc_simple.o)
 .mdebug.abi32  0xa0000064        0x0 c:/program files (x86)/microchip/xc32/v1.11/bin/../lib/gcc/pic32mx/4.5.1/../../../../pic32mx/lib\libc.a(ctype.o)
 .mdebug.abi32  0xa0000064        0x0 c:/program files (x86)/microchip/xc32/v1.11/bin/../lib/gcc/pic32mx/4.5.1/../../../../pic32mx/lib\libc.a(_iob.o)
 .mdebug.abi32  0xa0000064        0x0 c:/program files (x86)/microchip/xc32/v1.11/bin/../lib/gcc/pic32mx/4.5.1/../../../../pic32mx/lib\libc.a(_flsbuf_simple.o)
 .mdebug.abi32  0xa0000064        0x0 c:/program files (x86)/microchip/xc32/v1.11/bin/../lib/gcc/pic32mx/4.5.1/../../../../pic32mx/lib\libpic32.a(write.o)
 .mdebug.abi32  0xa0000064        0x0 c:/program files (x86)/microchip/xc32/v1.11/bin/../lib/gcc/pic32mx/4.5.1/../../../../pic32mx/lib\libpic32.a(_mon_putc.o)
 .mdebug.abi32  0xa0000064        0x0 c:/program files (x86)/microchip/xc32/v1.11/bin/../lib/gcc/pic32mx/4.5.1/../../../../pic32mx/lib\libpic32.a(xc32_uart.o)
 .mdebug.abi32  0xa0000064        0x0 c:/program files (x86)/microchip/xc32/v1.11/bin/../lib/gcc/pic32mx/4.5.1\libgcc.a(_udivdi3.o)
 .mdebug.abi32  0xa0000064        0x0 c:/program files (x86)/microchip/xc32/v1.11/bin/../lib/gcc/pic32mx/4.5.1\libgcc.a(_umoddi3.o)

.mdebug.abiN32
 *(.mdebug.abiN32)

.mdebug.abi64
 *(.mdebug.abi64)

.mdebug.abiO64
 *(.mdebug.abiO64)

.mdebug.eabi32
 *(.mdebug.eabi32)

.mdebug.eabi64
 *(.mdebug.eabi64)

.gcc_compiled_long32
 *(.gcc_compiled_long32)

.gcc_compiled_long64
 *(.gcc_compiled_long64)

.stab
 *(.stab)

.stabstr
 *(.stabstr)

.stab.excl
 *(.stab.excl)

.stab.exclstr
 *(.stab.exclstr)

.stab.index
 *(.stab.index)

.stab.indexstr
 *(.stab.indexstr)

.comment        0x00000000       0xde
 *(.comment)
 .comment       0x00000000       0x3c build/default/production/displayDriver/displayDriver.o
                                 0x3d (size before relaxing)
 .comment       0x00000000       0x3d build/default/production/Examples/display_example1.o
 .comment       0x00000000       0x3d build/default/production/fatfs/ff.o
 .comment       0x00000000       0x3d build/default/production/fatfs/diskio.o
 .comment       0x00000000       0x3d build/default/production/src/main.o
 .comment       0x0000003c       0x3c c:/program files (x86)/microchip/xc32/v1.11/bin/../lib/gcc/pic32mx/4.5.1/../../../../pic32mx/lib\libmchp_peripheral_32MX534F064H.a(pcache.o)
                                 0x3d (size before relaxing)
 .comment       0x00000000       0x3d c:/program files (x86)/microchip/xc32/v1.11/bin/../lib/gcc/pic32mx/4.5.1/../../../../pic32mx/lib\libmchp_peripheral_32MX534F064H.a(int_disable_interrupts_lib.o)
 .comment       0x00000000       0x3d c:/program files (x86)/microchip/xc32/v1.11/bin/../lib/gcc/pic32mx/4.5.1/../../../../pic32mx/lib\libmchp_peripheral_32MX534F064H.a(int_restore_interrupts_lib.o)
 .comment       0x00000000       0x3d c:/program files (x86)/microchip/xc32/v1.11/bin/../lib/gcc/pic32mx/4.5.1/../../../../pic32mx/lib\libmchp_peripheral_32MX534F064H.a(int_enable_mv_int_lib.o)
 .comment       0x00000000       0x3d c:/program files (x86)/microchip/xc32/v1.11/bin/../lib/gcc/pic32mx/4.5.1/../../../../pic32mx/lib\libmchp_peripheral_32MX534F064H.a(int_enable_interrupts_lib.o)
 .comment       0x00000000       0x3d c:/program files (x86)/microchip/xc32/v1.11/bin/../lib/gcc/pic32mx/4.5.1\libgcc.a(_lshrdi3.o)
 .comment       0x00000000       0x3d c:/program files (x86)/microchip/xc32/v1.11/bin/../lib/gcc/pic32mx/4.5.1\libgcc.a(floatunsisf.o)
 .comment       0x00000078       0x18 c:/program files (x86)/microchip/xc32/v1.11/bin/../lib/gcc/pic32mx/4.5.1/../../../../pic32mx/lib\libpic32.a(memset.o)
                                 0x19 (size before relaxing)
 .comment       0x00000000       0x3d c:/program files (x86)/microchip/xc32/v1.11/bin/../lib/gcc/pic32mx/4.5.1/../../../../pic32mx/lib\libpic32.a(default-bootstrap-exception-handler.o)
 .comment       0x00000000       0x3d c:/program files (x86)/microchip/xc32/v1.11/bin/../lib/gcc/pic32mx/4.5.1/../../../../pic32mx/lib\libpic32.a(default-on-reset.o)
 .comment       0x00000000       0x3d c:/program files (x86)/microchip/xc32/v1.11/bin/../lib/gcc/pic32mx/4.5.1/../../../../pic32mx/lib\libpic32.a(default-on-bootstrap.o)
 .comment       0x00000000       0x3d c:/program files (x86)/microchip/xc32/v1.11/bin/../lib/gcc/pic32mx/4.5.1/../../../../pic32mx/lib\libpic32.a(default-general-exception-handler.o)
 .comment       0x00000000       0x3d c:/program files (x86)/microchip/xc32/v1.11/bin/../lib/gcc/pic32mx/4.5.1/../../../../pic32mx/lib\libpic32.a(defaultinterrupt.o)
 .comment       0x00000000       0x3d c:/program files (x86)/microchip/xc32/v1.11/bin/../lib/gcc/pic32mx/4.5.1/../../../../pic32mx/lib\libc.a(rand.o)
 .comment       0x00000000       0x3d c:/program files (x86)/microchip/xc32/v1.11/bin/../lib/gcc/pic32mx/4.5.1/../../../../pic32mx/lib\libc.a(sprintf_s.eo)
 .comment       0x00000000       0x3d c:/program files (x86)/microchip/xc32/v1.11/bin/../lib/gcc/pic32mx/4.5.1/../../../../pic32mx/lib\libc.a(doprnt_s.eo)
 .comment       0x00000000       0x3d c:/program files (x86)/microchip/xc32/v1.11/bin/../lib/gcc/pic32mx/4.5.1/../../../../pic32mx/lib\libc.a(_fputc_simple.o)
 .comment       0x00000090       0x4e c:/program files (x86)/microchip/xc32/v1.11/bin/../lib/gcc/pic32mx/4.5.1/../../../../pic32mx/lib\libc.a(ctype.o)
                                 0x8b (size before relaxing)
 .comment       0x00000000       0x3d c:/program files (x86)/microchip/xc32/v1.11/bin/../lib/gcc/pic32mx/4.5.1/../../../../pic32mx/lib\libc.a(_iob.o)
 .comment       0x00000000       0x3d c:/program files (x86)/microchip/xc32/v1.11/bin/../lib/gcc/pic32mx/4.5.1/../../../../pic32mx/lib\libc.a(_flsbuf_simple.o)
 .comment       0x00000000       0x3d c:/program files (x86)/microchip/xc32/v1.11/bin/../lib/gcc/pic32mx/4.5.1/../../../../pic32mx/lib\libpic32.a(write.o)
 .comment       0x00000000       0x3d c:/program files (x86)/microchip/xc32/v1.11/bin/../lib/gcc/pic32mx/4.5.1/../../../../pic32mx/lib\libpic32.a(_mon_putc.o)
 .comment       0x00000000       0x3d c:/program files (x86)/microchip/xc32/v1.11/bin/../lib/gcc/pic32mx/4.5.1/../../../../pic32mx/lib\libpic32.a(xc32_uart.o)
 .comment       0x00000000       0x3d c:/program files (x86)/microchip/xc32/v1.11/bin/../lib/gcc/pic32mx/4.5.1\libgcc.a(_udivdi3.o)
 .comment       0x00000000       0x3d c:/program files (x86)/microchip/xc32/v1.11/bin/../lib/gcc/pic32mx/4.5.1\libgcc.a(_umoddi3.o)

.debug
 *(.debug)

.line
 *(.line)

.debug_srcinfo
 *(.debug_srcinfo)

.debug_sfnames
 *(.debug_sfnames)

.debug_aranges  0x00000000      0x350
 *(.debug_aranges)
 .debug_aranges
                0x00000000       0x20 build/default/production/displayDriver/displayDriver.o
 .debug_aranges
                0x00000020       0x20 build/default/production/Examples/display_example1.o
 .debug_aranges
                0x00000040       0x20 build/default/production/fatfs/ff.o
 .debug_aranges
                0x00000060       0x20 build/default/production/fatfs/diskio.o
 .debug_aranges
                0x00000080       0x20 build/default/production/src/main.o
 .debug_aranges
                0x000000a0       0x28 c:/program files (x86)/microchip/xc32/v1.11/bin/../lib/gcc/pic32mx/4.5.1/../../../../pic32mx/lib\libmchp_peripheral_32MX534F064H.a(pcache.o)
 .debug_aranges
                0x000000c8       0x20 c:/program files (x86)/microchip/xc32/v1.11/bin/../lib/gcc/pic32mx/4.5.1/../../../../pic32mx/lib\libmchp_peripheral_32MX534F064H.a(int_disable_interrupts_lib.o)
 .debug_aranges
                0x000000e8       0x20 c:/program files (x86)/microchip/xc32/v1.11/bin/../lib/gcc/pic32mx/4.5.1/../../../../pic32mx/lib\libmchp_peripheral_32MX534F064H.a(int_restore_interrupts_lib.o)
 .debug_aranges
                0x00000108       0x20 c:/program files (x86)/microchip/xc32/v1.11/bin/../lib/gcc/pic32mx/4.5.1/../../../../pic32mx/lib\libmchp_peripheral_32MX534F064H.a(int_enable_mv_int_lib.o)
 .debug_aranges
                0x00000128       0x20 c:/program files (x86)/microchip/xc32/v1.11/bin/../lib/gcc/pic32mx/4.5.1/../../../../pic32mx/lib\libmchp_peripheral_32MX534F064H.a(int_enable_interrupts_lib.o)
 .debug_aranges
                0x00000148       0x20 c:/program files (x86)/microchip/xc32/v1.11/bin/../lib/gcc/pic32mx/4.5.1\libgcc.a(_lshrdi3.o)
 .debug_aranges
                0x00000168       0x20 c:/program files (x86)/microchip/xc32/v1.11/bin/../lib/gcc/pic32mx/4.5.1\libgcc.a(floatunsisf.o)
 .debug_aranges
                0x00000188       0x20 c:/program files (x86)/microchip/xc32/v1.11/bin/../lib/gcc/pic32mx/4.5.1/../../../../pic32mx/lib\libpic32.a(default-bootstrap-exception-handler.o)
 .debug_aranges
                0x000001a8       0x20 c:/program files (x86)/microchip/xc32/v1.11/bin/../lib/gcc/pic32mx/4.5.1/../../../../pic32mx/lib\libpic32.a(default-on-reset.o)
 .debug_aranges
                0x000001c8       0x20 c:/program files (x86)/microchip/xc32/v1.11/bin/../lib/gcc/pic32mx/4.5.1/../../../../pic32mx/lib\libpic32.a(default-on-bootstrap.o)
 .debug_aranges
                0x000001e8       0x20 c:/program files (x86)/microchip/xc32/v1.11/bin/../lib/gcc/pic32mx/4.5.1/../../../../pic32mx/lib\libpic32.a(default-general-exception-handler.o)
 .debug_aranges
                0x00000208       0x20 c:/program files (x86)/microchip/xc32/v1.11/bin/../lib/gcc/pic32mx/4.5.1/../../../../pic32mx/lib\libpic32.a(defaultinterrupt.o)
 .debug_aranges
                0x00000228       0x28 c:/program files (x86)/microchip/xc32/v1.11/bin/../lib/gcc/pic32mx/4.5.1/../../../../pic32mx/lib\libc.a(rand.o)
 .debug_aranges
                0x00000250       0x20 c:/program files (x86)/microchip/xc32/v1.11/bin/../lib/gcc/pic32mx/4.5.1/../../../../pic32mx/lib\libc.a(sprintf_s.eo)
 .debug_aranges
                0x00000270       0x20 c:/program files (x86)/microchip/xc32/v1.11/bin/../lib/gcc/pic32mx/4.5.1/../../../../pic32mx/lib\libc.a(doprnt_s.eo)
 .debug_aranges
                0x00000290       0x20 c:/program files (x86)/microchip/xc32/v1.11/bin/../lib/gcc/pic32mx/4.5.1/../../../../pic32mx/lib\libc.a(_fputc_simple.o)
 .debug_aranges
                0x000002b0       0x20 c:/program files (x86)/microchip/xc32/v1.11/bin/../lib/gcc/pic32mx/4.5.1/../../../../pic32mx/lib\libc.a(_flsbuf_simple.o)
 .debug_aranges
                0x000002d0       0x20 c:/program files (x86)/microchip/xc32/v1.11/bin/../lib/gcc/pic32mx/4.5.1/../../../../pic32mx/lib\libpic32.a(write.o)
 .debug_aranges
                0x000002f0       0x20 c:/program files (x86)/microchip/xc32/v1.11/bin/../lib/gcc/pic32mx/4.5.1/../../../../pic32mx/lib\libpic32.a(_mon_putc.o)
 .debug_aranges
                0x00000310       0x20 c:/program files (x86)/microchip/xc32/v1.11/bin/../lib/gcc/pic32mx/4.5.1\libgcc.a(_udivdi3.o)
 .debug_aranges
                0x00000330       0x20 c:/program files (x86)/microchip/xc32/v1.11/bin/../lib/gcc/pic32mx/4.5.1\libgcc.a(_umoddi3.o)

.debug_pubnames
                0x00000000      0x77d
 *(.debug_pubnames)
 .debug_pubnames
                0x00000000      0x2f1 build/default/production/displayDriver/displayDriver.o
 .debug_pubnames
                0x000002f1       0x39 build/default/production/Examples/display_example1.o
 .debug_pubnames
                0x0000032a       0x77 build/default/production/fatfs/ff.o
 .debug_pubnames
                0x000003a1       0x75 build/default/production/fatfs/diskio.o
 .debug_pubnames
                0x00000416       0x44 build/default/production/src/main.o
 .debug_pubnames
                0x0000045a       0x3b c:/program files (x86)/microchip/xc32/v1.11/bin/../lib/gcc/pic32mx/4.5.1/../../../../pic32mx/lib\libmchp_peripheral_32MX534F064H.a(pcache.o)
 .debug_pubnames
                0x00000495       0x2b c:/program files (x86)/microchip/xc32/v1.11/bin/../lib/gcc/pic32mx/4.5.1/../../../../pic32mx/lib\libmchp_peripheral_32MX534F064H.a(int_disable_interrupts_lib.o)
 .debug_pubnames
                0x000004c0       0x2b c:/program files (x86)/microchip/xc32/v1.11/bin/../lib/gcc/pic32mx/4.5.1/../../../../pic32mx/lib\libmchp_peripheral_32MX534F064H.a(int_restore_interrupts_lib.o)
 .debug_pubnames
                0x000004eb       0x36 c:/program files (x86)/microchip/xc32/v1.11/bin/../lib/gcc/pic32mx/4.5.1/../../../../pic32mx/lib\libmchp_peripheral_32MX534F064H.a(int_enable_mv_int_lib.o)
 .debug_pubnames
                0x00000521       0x2a c:/program files (x86)/microchip/xc32/v1.11/bin/../lib/gcc/pic32mx/4.5.1/../../../../pic32mx/lib\libmchp_peripheral_32MX534F064H.a(int_enable_interrupts_lib.o)
 .debug_pubnames
                0x0000054b       0x20 c:/program files (x86)/microchip/xc32/v1.11/bin/../lib/gcc/pic32mx/4.5.1\libgcc.a(_lshrdi3.o)
 .debug_pubnames
                0x0000056b       0x24 c:/program files (x86)/microchip/xc32/v1.11/bin/../lib/gcc/pic32mx/4.5.1\libgcc.a(floatunsisf.o)
 .debug_pubnames
                0x0000058f       0x33 c:/program files (x86)/microchip/xc32/v1.11/bin/../lib/gcc/pic32mx/4.5.1/../../../../pic32mx/lib\libpic32.a(default-bootstrap-exception-handler.o)
 .debug_pubnames
                0x000005c2       0x20 c:/program files (x86)/microchip/xc32/v1.11/bin/../lib/gcc/pic32mx/4.5.1/../../../../pic32mx/lib\libpic32.a(default-on-reset.o)
 .debug_pubnames
                0x000005e2       0x24 c:/program files (x86)/microchip/xc32/v1.11/bin/../lib/gcc/pic32mx/4.5.1/../../../../pic32mx/lib\libpic32.a(default-on-bootstrap.o)
 .debug_pubnames
                0x00000606       0x31 c:/program files (x86)/microchip/xc32/v1.11/bin/../lib/gcc/pic32mx/4.5.1/../../../../pic32mx/lib\libpic32.a(default-general-exception-handler.o)
 .debug_pubnames
                0x00000637       0x28 c:/program files (x86)/microchip/xc32/v1.11/bin/../lib/gcc/pic32mx/4.5.1/../../../../pic32mx/lib\libpic32.a(defaultinterrupt.o)
 .debug_pubnames
                0x0000065f       0x25 c:/program files (x86)/microchip/xc32/v1.11/bin/../lib/gcc/pic32mx/4.5.1/../../../../pic32mx/lib\libc.a(rand.o)
 .debug_pubnames
                0x00000684       0x21 c:/program files (x86)/microchip/xc32/v1.11/bin/../lib/gcc/pic32mx/4.5.1/../../../../pic32mx/lib\libc.a(sprintf_s.eo)
 .debug_pubnames
                0x000006a5       0x22 c:/program files (x86)/microchip/xc32/v1.11/bin/../lib/gcc/pic32mx/4.5.1/../../../../pic32mx/lib\libc.a(doprnt_s.eo)
 .debug_pubnames
                0x000006c7       0x1c c:/program files (x86)/microchip/xc32/v1.11/bin/../lib/gcc/pic32mx/4.5.1/../../../../pic32mx/lib\libc.a(_fputc_simple.o)
 .debug_pubnames
                0x000006e3       0x1e c:/program files (x86)/microchip/xc32/v1.11/bin/../lib/gcc/pic32mx/4.5.1/../../../../pic32mx/lib\libc.a(_flsbuf_simple.o)
 .debug_pubnames
                0x00000701       0x1c c:/program files (x86)/microchip/xc32/v1.11/bin/../lib/gcc/pic32mx/4.5.1/../../../../pic32mx/lib\libpic32.a(write.o)
 .debug_pubnames
                0x0000071d       0x20 c:/program files (x86)/microchip/xc32/v1.11/bin/../lib/gcc/pic32mx/4.5.1/../../../../pic32mx/lib\libpic32.a(_mon_putc.o)
 .debug_pubnames
                0x0000073d       0x20 c:/program files (x86)/microchip/xc32/v1.11/bin/../lib/gcc/pic32mx/4.5.1\libgcc.a(_udivdi3.o)
 .debug_pubnames
                0x0000075d       0x20 c:/program files (x86)/microchip/xc32/v1.11/bin/../lib/gcc/pic32mx/4.5.1\libgcc.a(_umoddi3.o)

.debug_info     0x00000000     0x8105
 *(.debug_info .gnu.linkonce.wi.*)
 .debug_info    0x00000000     0x2530 build/default/production/displayDriver/displayDriver.o
 .debug_info    0x00002530      0x453 build/default/production/Examples/display_example1.o
 .debug_info    0x00002983     0x16ec build/default/production/fatfs/ff.o
 .debug_info    0x0000406f      0xcdd build/default/production/fatfs/diskio.o
 .debug_info    0x00004d4c     0x14a1 build/default/production/src/main.o
 .debug_info    0x000061ed       0xbf c:/program files (x86)/microchip/xc32/v1.11/bin/../lib/gcc/pic32mx/4.5.1/../../../../pic32mx/lib\libmchp_peripheral_32MX534F064H.a(pcache.o)
 .debug_info    0x000062ac       0xb6 c:/program files (x86)/microchip/xc32/v1.11/bin/../lib/gcc/pic32mx/4.5.1/../../../../pic32mx/lib\libmchp_peripheral_32MX534F064H.a(int_disable_interrupts_lib.o)
 .debug_info    0x00006362       0xb6 c:/program files (x86)/microchip/xc32/v1.11/bin/../lib/gcc/pic32mx/4.5.1/../../../../pic32mx/lib\libmchp_peripheral_32MX534F064H.a(int_restore_interrupts_lib.o)
 .debug_info    0x00006418       0xbc c:/program files (x86)/microchip/xc32/v1.11/bin/../lib/gcc/pic32mx/4.5.1/../../../../pic32mx/lib\libmchp_peripheral_32MX534F064H.a(int_enable_mv_int_lib.o)
 .debug_info    0x000064d4       0xb4 c:/program files (x86)/microchip/xc32/v1.11/bin/../lib/gcc/pic32mx/4.5.1/../../../../pic32mx/lib\libmchp_peripheral_32MX534F064H.a(int_enable_interrupts_lib.o)
 .debug_info    0x00006588      0x304 c:/program files (x86)/microchip/xc32/v1.11/bin/../lib/gcc/pic32mx/4.5.1\libgcc.a(_lshrdi3.o)
 .debug_info    0x0000688c      0x143 c:/program files (x86)/microchip/xc32/v1.11/bin/../lib/gcc/pic32mx/4.5.1\libgcc.a(floatunsisf.o)
 .debug_info    0x000069cf       0xd6 c:/program files (x86)/microchip/xc32/v1.11/bin/../lib/gcc/pic32mx/4.5.1/../../../../pic32mx/lib\libpic32.a(default-bootstrap-exception-handler.o)
 .debug_info    0x00006aa5       0xb0 c:/program files (x86)/microchip/xc32/v1.11/bin/../lib/gcc/pic32mx/4.5.1/../../../../pic32mx/lib\libpic32.a(default-on-reset.o)
 .debug_info    0x00006b55       0xb8 c:/program files (x86)/microchip/xc32/v1.11/bin/../lib/gcc/pic32mx/4.5.1/../../../../pic32mx/lib\libpic32.a(default-on-bootstrap.o)
 .debug_info    0x00006c0d       0xd2 c:/program files (x86)/microchip/xc32/v1.11/bin/../lib/gcc/pic32mx/4.5.1/../../../../pic32mx/lib\libpic32.a(default-general-exception-handler.o)
 .debug_info    0x00006cdf       0xca c:/program files (x86)/microchip/xc32/v1.11/bin/../lib/gcc/pic32mx/4.5.1/../../../../pic32mx/lib\libpic32.a(defaultinterrupt.o)
 .debug_info    0x00006da9       0xbb c:/program files (x86)/microchip/xc32/v1.11/bin/../lib/gcc/pic32mx/4.5.1/../../../../pic32mx/lib\libc.a(rand.o)
 .debug_info    0x00006e64       0xaa c:/program files (x86)/microchip/xc32/v1.11/bin/../lib/gcc/pic32mx/4.5.1/../../../../pic32mx/lib\libc.a(sprintf_s.eo)
 .debug_info    0x00006f0e       0xab c:/program files (x86)/microchip/xc32/v1.11/bin/../lib/gcc/pic32mx/4.5.1/../../../../pic32mx/lib\libc.a(doprnt_s.eo)
 .debug_info    0x00006fb9       0xa3 c:/program files (x86)/microchip/xc32/v1.11/bin/../lib/gcc/pic32mx/4.5.1/../../../../pic32mx/lib\libc.a(_fputc_simple.o)
 .debug_info    0x0000705c        0x0 c:/program files (x86)/microchip/xc32/v1.11/bin/../lib/gcc/pic32mx/4.5.1/../../../../pic32mx/lib\libc.a(ctype.o)
 .debug_info    0x0000705c        0x0 c:/program files (x86)/microchip/xc32/v1.11/bin/../lib/gcc/pic32mx/4.5.1/../../../../pic32mx/lib\libc.a(_iob.o)
 .debug_info    0x0000705c       0xa6 c:/program files (x86)/microchip/xc32/v1.11/bin/../lib/gcc/pic32mx/4.5.1/../../../../pic32mx/lib\libc.a(_flsbuf_simple.o)
 .debug_info    0x00007102       0xa1 c:/program files (x86)/microchip/xc32/v1.11/bin/../lib/gcc/pic32mx/4.5.1/../../../../pic32mx/lib\libpic32.a(write.o)
 .debug_info    0x000071a3       0xa9 c:/program files (x86)/microchip/xc32/v1.11/bin/../lib/gcc/pic32mx/4.5.1/../../../../pic32mx/lib\libpic32.a(_mon_putc.o)
 .debug_info    0x0000724c        0x0 c:/program files (x86)/microchip/xc32/v1.11/bin/../lib/gcc/pic32mx/4.5.1/../../../../pic32mx/lib\libpic32.a(xc32_uart.o)
 .debug_info    0x0000724c      0x73e c:/program files (x86)/microchip/xc32/v1.11/bin/../lib/gcc/pic32mx/4.5.1\libgcc.a(_udivdi3.o)
 .debug_info    0x0000798a      0x77b c:/program files (x86)/microchip/xc32/v1.11/bin/../lib/gcc/pic32mx/4.5.1\libgcc.a(_umoddi3.o)

.debug_abbrev   0x00000000     0x12b0
 *(.debug_abbrev)
 .debug_abbrev  0x00000000      0x3b4 build/default/production/displayDriver/displayDriver.o
 .debug_abbrev  0x000003b4      0x104 build/default/production/Examples/display_example1.o
 .debug_abbrev  0x000004b8      0x222 build/default/production/fatfs/ff.o
 .debug_abbrev  0x000006da      0x27f build/default/production/fatfs/diskio.o
 .debug_abbrev  0x00000959      0x2e6 build/default/production/src/main.o
 .debug_abbrev  0x00000c3f       0x25 c:/program files (x86)/microchip/xc32/v1.11/bin/../lib/gcc/pic32mx/4.5.1/../../../../pic32mx/lib\libmchp_peripheral_32MX534F064H.a(pcache.o)
 .debug_abbrev  0x00000c64       0x25 c:/program files (x86)/microchip/xc32/v1.11/bin/../lib/gcc/pic32mx/4.5.1/../../../../pic32mx/lib\libmchp_peripheral_32MX534F064H.a(int_disable_interrupts_lib.o)
 .debug_abbrev  0x00000c89       0x25 c:/program files (x86)/microchip/xc32/v1.11/bin/../lib/gcc/pic32mx/4.5.1/../../../../pic32mx/lib\libmchp_peripheral_32MX534F064H.a(int_restore_interrupts_lib.o)
 .debug_abbrev  0x00000cae       0x25 c:/program files (x86)/microchip/xc32/v1.11/bin/../lib/gcc/pic32mx/4.5.1/../../../../pic32mx/lib\libmchp_peripheral_32MX534F064H.a(int_enable_mv_int_lib.o)
 .debug_abbrev  0x00000cd3       0x25 c:/program files (x86)/microchip/xc32/v1.11/bin/../lib/gcc/pic32mx/4.5.1/../../../../pic32mx/lib\libmchp_peripheral_32MX534F064H.a(int_enable_interrupts_lib.o)
 .debug_abbrev  0x00000cf8       0xe3 c:/program files (x86)/microchip/xc32/v1.11/bin/../lib/gcc/pic32mx/4.5.1\libgcc.a(_lshrdi3.o)
 .debug_abbrev  0x00000ddb       0x61 c:/program files (x86)/microchip/xc32/v1.11/bin/../lib/gcc/pic32mx/4.5.1\libgcc.a(floatunsisf.o)
 .debug_abbrev  0x00000e3c       0x25 c:/program files (x86)/microchip/xc32/v1.11/bin/../lib/gcc/pic32mx/4.5.1/../../../../pic32mx/lib\libpic32.a(default-bootstrap-exception-handler.o)
 .debug_abbrev  0x00000e61       0x25 c:/program files (x86)/microchip/xc32/v1.11/bin/../lib/gcc/pic32mx/4.5.1/../../../../pic32mx/lib\libpic32.a(default-on-reset.o)
 .debug_abbrev  0x00000e86       0x25 c:/program files (x86)/microchip/xc32/v1.11/bin/../lib/gcc/pic32mx/4.5.1/../../../../pic32mx/lib\libpic32.a(default-on-bootstrap.o)
 .debug_abbrev  0x00000eab       0x25 c:/program files (x86)/microchip/xc32/v1.11/bin/../lib/gcc/pic32mx/4.5.1/../../../../pic32mx/lib\libpic32.a(default-general-exception-handler.o)
 .debug_abbrev  0x00000ed0       0x25 c:/program files (x86)/microchip/xc32/v1.11/bin/../lib/gcc/pic32mx/4.5.1/../../../../pic32mx/lib\libpic32.a(defaultinterrupt.o)
 .debug_abbrev  0x00000ef5       0x41 c:/program files (x86)/microchip/xc32/v1.11/bin/../lib/gcc/pic32mx/4.5.1/../../../../pic32mx/lib\libc.a(rand.o)
 .debug_abbrev  0x00000f36       0x25 c:/program files (x86)/microchip/xc32/v1.11/bin/../lib/gcc/pic32mx/4.5.1/../../../../pic32mx/lib\libc.a(sprintf_s.eo)
 .debug_abbrev  0x00000f5b       0x25 c:/program files (x86)/microchip/xc32/v1.11/bin/../lib/gcc/pic32mx/4.5.1/../../../../pic32mx/lib\libc.a(doprnt_s.eo)
 .debug_abbrev  0x00000f80       0x25 c:/program files (x86)/microchip/xc32/v1.11/bin/../lib/gcc/pic32mx/4.5.1/../../../../pic32mx/lib\libc.a(_fputc_simple.o)
 .debug_abbrev  0x00000fa5        0x1 c:/program files (x86)/microchip/xc32/v1.11/bin/../lib/gcc/pic32mx/4.5.1/../../../../pic32mx/lib\libc.a(ctype.o)
 .debug_abbrev  0x00000fa6        0x1 c:/program files (x86)/microchip/xc32/v1.11/bin/../lib/gcc/pic32mx/4.5.1/../../../../pic32mx/lib\libc.a(_iob.o)
 .debug_abbrev  0x00000fa7       0x25 c:/program files (x86)/microchip/xc32/v1.11/bin/../lib/gcc/pic32mx/4.5.1/../../../../pic32mx/lib\libc.a(_flsbuf_simple.o)
 .debug_abbrev  0x00000fcc       0x25 c:/program files (x86)/microchip/xc32/v1.11/bin/../lib/gcc/pic32mx/4.5.1/../../../../pic32mx/lib\libpic32.a(write.o)
 .debug_abbrev  0x00000ff1       0x25 c:/program files (x86)/microchip/xc32/v1.11/bin/../lib/gcc/pic32mx/4.5.1/../../../../pic32mx/lib\libpic32.a(_mon_putc.o)
 .debug_abbrev  0x00001016        0x1 c:/program files (x86)/microchip/xc32/v1.11/bin/../lib/gcc/pic32mx/4.5.1/../../../../pic32mx/lib\libpic32.a(xc32_uart.o)
 .debug_abbrev  0x00001017      0x13d c:/program files (x86)/microchip/xc32/v1.11/bin/../lib/gcc/pic32mx/4.5.1\libgcc.a(_udivdi3.o)
 .debug_abbrev  0x00001154      0x15c c:/program files (x86)/microchip/xc32/v1.11/bin/../lib/gcc/pic32mx/4.5.1\libgcc.a(_umoddi3.o)

.debug_line     0x00000000     0x1a53
 *(.debug_line)
 .debug_line    0x00000000      0x5aa build/default/production/displayDriver/displayDriver.o
 .debug_line    0x000005aa       0xf5 build/default/production/Examples/display_example1.o
 .debug_line    0x0000069f      0x40b build/default/production/fatfs/ff.o
 .debug_line    0x00000aaa      0x248 build/default/production/fatfs/diskio.o
 .debug_line    0x00000cf2      0x247 build/default/production/src/main.o
 .debug_line    0x00000f39       0x62 c:/program files (x86)/microchip/xc32/v1.11/bin/../lib/gcc/pic32mx/4.5.1/../../../../pic32mx/lib\libmchp_peripheral_32MX534F064H.a(pcache.o)
 .debug_line    0x00000f9b       0x73 c:/program files (x86)/microchip/xc32/v1.11/bin/../lib/gcc/pic32mx/4.5.1/../../../../pic32mx/lib\libmchp_peripheral_32MX534F064H.a(int_disable_interrupts_lib.o)
 .debug_line    0x0000100e       0x73 c:/program files (x86)/microchip/xc32/v1.11/bin/../lib/gcc/pic32mx/4.5.1/../../../../pic32mx/lib\libmchp_peripheral_32MX534F064H.a(int_restore_interrupts_lib.o)
 .debug_line    0x00001081       0x6e c:/program files (x86)/microchip/xc32/v1.11/bin/../lib/gcc/pic32mx/4.5.1/../../../../pic32mx/lib\libmchp_peripheral_32MX534F064H.a(int_enable_mv_int_lib.o)
 .debug_line    0x000010ef       0x72 c:/program files (x86)/microchip/xc32/v1.11/bin/../lib/gcc/pic32mx/4.5.1/../../../../pic32mx/lib\libmchp_peripheral_32MX534F064H.a(int_enable_interrupts_lib.o)
 .debug_line    0x00001161       0xb8 c:/program files (x86)/microchip/xc32/v1.11/bin/../lib/gcc/pic32mx/4.5.1\libgcc.a(_lshrdi3.o)
 .debug_line    0x00001219       0x6d c:/program files (x86)/microchip/xc32/v1.11/bin/../lib/gcc/pic32mx/4.5.1\libgcc.a(floatunsisf.o)
 .debug_line    0x00001286       0x8b c:/program files (x86)/microchip/xc32/v1.11/bin/../lib/gcc/pic32mx/4.5.1/../../../../pic32mx/lib\libpic32.a(default-bootstrap-exception-handler.o)
 .debug_line    0x00001311       0x78 c:/program files (x86)/microchip/xc32/v1.11/bin/../lib/gcc/pic32mx/4.5.1/../../../../pic32mx/lib\libpic32.a(default-on-reset.o)
 .debug_line    0x00001389       0x7c c:/program files (x86)/microchip/xc32/v1.11/bin/../lib/gcc/pic32mx/4.5.1/../../../../pic32mx/lib\libpic32.a(default-on-bootstrap.o)
 .debug_line    0x00001405       0x89 c:/program files (x86)/microchip/xc32/v1.11/bin/../lib/gcc/pic32mx/4.5.1/../../../../pic32mx/lib\libpic32.a(default-general-exception-handler.o)
 .debug_line    0x0000148e       0x8a c:/program files (x86)/microchip/xc32/v1.11/bin/../lib/gcc/pic32mx/4.5.1/../../../../pic32mx/lib\libpic32.a(defaultinterrupt.o)
 .debug_line    0x00001518       0x6e c:/program files (x86)/microchip/xc32/v1.11/bin/../lib/gcc/pic32mx/4.5.1/../../../../pic32mx/lib\libc.a(rand.o)
 .debug_line    0x00001586       0x71 c:/program files (x86)/microchip/xc32/v1.11/bin/../lib/gcc/pic32mx/4.5.1/../../../../pic32mx/lib\libc.a(sprintf_s.eo)
 .debug_line    0x000015f7       0x70 c:/program files (x86)/microchip/xc32/v1.11/bin/../lib/gcc/pic32mx/4.5.1/../../../../pic32mx/lib\libc.a(doprnt_s.eo)
 .debug_line    0x00001667       0x6f c:/program files (x86)/microchip/xc32/v1.11/bin/../lib/gcc/pic32mx/4.5.1/../../../../pic32mx/lib\libc.a(_fputc_simple.o)
 .debug_line    0x000016d6        0x0 c:/program files (x86)/microchip/xc32/v1.11/bin/../lib/gcc/pic32mx/4.5.1/../../../../pic32mx/lib\libc.a(ctype.o)
 .debug_line    0x000016d6        0x0 c:/program files (x86)/microchip/xc32/v1.11/bin/../lib/gcc/pic32mx/4.5.1/../../../../pic32mx/lib\libc.a(_iob.o)
 .debug_line    0x000016d6       0x70 c:/program files (x86)/microchip/xc32/v1.11/bin/../lib/gcc/pic32mx/4.5.1/../../../../pic32mx/lib\libc.a(_flsbuf_simple.o)
 .debug_line    0x00001746       0x6d c:/program files (x86)/microchip/xc32/v1.11/bin/../lib/gcc/pic32mx/4.5.1/../../../../pic32mx/lib\libpic32.a(write.o)
 .debug_line    0x000017b3       0x71 c:/program files (x86)/microchip/xc32/v1.11/bin/../lib/gcc/pic32mx/4.5.1/../../../../pic32mx/lib\libpic32.a(_mon_putc.o)
 .debug_line    0x00001824        0x0 c:/program files (x86)/microchip/xc32/v1.11/bin/../lib/gcc/pic32mx/4.5.1/../../../../pic32mx/lib\libpic32.a(xc32_uart.o)
 .debug_line    0x00001824      0x116 c:/program files (x86)/microchip/xc32/v1.11/bin/../lib/gcc/pic32mx/4.5.1\libgcc.a(_udivdi3.o)
 .debug_line    0x0000193a      0x119 c:/program files (x86)/microchip/xc32/v1.11/bin/../lib/gcc/pic32mx/4.5.1\libgcc.a(_umoddi3.o)

.debug_frame    0x00000000      0xb70
 *(.debug_frame)
 .debug_frame   0x00000000      0x398 build/default/production/displayDriver/displayDriver.o
 .debug_frame   0x00000398       0x48 build/default/production/Examples/display_example1.o
 .debug_frame   0x000003e0      0x288 build/default/production/fatfs/ff.o
 .debug_frame   0x00000668      0x15c build/default/production/fatfs/diskio.o
 .debug_frame   0x000007c4       0x98 build/default/production/src/main.o
 .debug_frame   0x0000085c       0x30 c:/program files (x86)/microchip/xc32/v1.11/bin/../lib/gcc/pic32mx/4.5.1/../../../../pic32mx/lib\libmchp_peripheral_32MX534F064H.a(pcache.o)
 .debug_frame   0x0000088c       0x20 c:/program files (x86)/microchip/xc32/v1.11/bin/../lib/gcc/pic32mx/4.5.1/../../../../pic32mx/lib\libmchp_peripheral_32MX534F064H.a(int_disable_interrupts_lib.o)
 .debug_frame   0x000008ac       0x20 c:/program files (x86)/microchip/xc32/v1.11/bin/../lib/gcc/pic32mx/4.5.1/../../../../pic32mx/lib\libmchp_peripheral_32MX534F064H.a(int_restore_interrupts_lib.o)
 .debug_frame   0x000008cc       0x28 c:/program files (x86)/microchip/xc32/v1.11/bin/../lib/gcc/pic32mx/4.5.1/../../../../pic32mx/lib\libmchp_peripheral_32MX534F064H.a(int_enable_mv_int_lib.o)
 .debug_frame   0x000008f4       0x20 c:/program files (x86)/microchip/xc32/v1.11/bin/../lib/gcc/pic32mx/4.5.1/../../../../pic32mx/lib\libmchp_peripheral_32MX534F064H.a(int_enable_interrupts_lib.o)
 .debug_frame   0x00000914       0x20 c:/program files (x86)/microchip/xc32/v1.11/bin/../lib/gcc/pic32mx/4.5.1\libgcc.a(_lshrdi3.o)
 .debug_frame   0x00000934       0x28 c:/program files (x86)/microchip/xc32/v1.11/bin/../lib/gcc/pic32mx/4.5.1\libgcc.a(floatunsisf.o)
 .debug_frame   0x0000095c       0x20 c:/program files (x86)/microchip/xc32/v1.11/bin/../lib/gcc/pic32mx/4.5.1/../../../../pic32mx/lib\libpic32.a(default-bootstrap-exception-handler.o)
 .debug_frame   0x0000097c       0x20 c:/program files (x86)/microchip/xc32/v1.11/bin/../lib/gcc/pic32mx/4.5.1/../../../../pic32mx/lib\libpic32.a(default-on-reset.o)
 .debug_frame   0x0000099c       0x20 c:/program files (x86)/microchip/xc32/v1.11/bin/../lib/gcc/pic32mx/4.5.1/../../../../pic32mx/lib\libpic32.a(default-on-bootstrap.o)
 .debug_frame   0x000009bc       0x20 c:/program files (x86)/microchip/xc32/v1.11/bin/../lib/gcc/pic32mx/4.5.1/../../../../pic32mx/lib\libpic32.a(default-general-exception-handler.o)
 .debug_frame   0x000009dc       0x20 c:/program files (x86)/microchip/xc32/v1.11/bin/../lib/gcc/pic32mx/4.5.1/../../../../pic32mx/lib\libpic32.a(defaultinterrupt.o)
 .debug_frame   0x000009fc       0x30 c:/program files (x86)/microchip/xc32/v1.11/bin/../lib/gcc/pic32mx/4.5.1/../../../../pic32mx/lib\libc.a(rand.o)
 .debug_frame   0x00000a2c       0x2c c:/program files (x86)/microchip/xc32/v1.11/bin/../lib/gcc/pic32mx/4.5.1/../../../../pic32mx/lib\libc.a(sprintf_s.eo)
 .debug_frame   0x00000a58       0x3c c:/program files (x86)/microchip/xc32/v1.11/bin/../lib/gcc/pic32mx/4.5.1/../../../../pic32mx/lib\libc.a(doprnt_s.eo)
 .debug_frame   0x00000a94       0x2c c:/program files (x86)/microchip/xc32/v1.11/bin/../lib/gcc/pic32mx/4.5.1/../../../../pic32mx/lib\libc.a(_fputc_simple.o)
 .debug_frame   0x00000ac0       0x28 c:/program files (x86)/microchip/xc32/v1.11/bin/../lib/gcc/pic32mx/4.5.1/../../../../pic32mx/lib\libc.a(_flsbuf_simple.o)
 .debug_frame   0x00000ae8       0x28 c:/program files (x86)/microchip/xc32/v1.11/bin/../lib/gcc/pic32mx/4.5.1/../../../../pic32mx/lib\libpic32.a(write.o)
 .debug_frame   0x00000b10       0x20 c:/program files (x86)/microchip/xc32/v1.11/bin/../lib/gcc/pic32mx/4.5.1/../../../../pic32mx/lib\libpic32.a(_mon_putc.o)
 .debug_frame   0x00000b30       0x20 c:/program files (x86)/microchip/xc32/v1.11/bin/../lib/gcc/pic32mx/4.5.1\libgcc.a(_udivdi3.o)
 .debug_frame   0x00000b50       0x20 c:/program files (x86)/microchip/xc32/v1.11/bin/../lib/gcc/pic32mx/4.5.1\libgcc.a(_umoddi3.o)

.debug_str      0x00000000      0x275
 *(.debug_str)
 .debug_str     0x00000000      0x106 build/default/production/displayDriver/displayDriver.o
 .debug_str     0x00000106        0x0 build/default/production/Examples/display_example1.o
 .debug_str     0x00000106        0xa build/default/production/fatfs/ff.o
 .debug_str     0x00000110       0x44 build/default/production/fatfs/diskio.o
 .debug_str     0x00000154      0x121 build/default/production/src/main.o
 .debug_str     0x00000275        0x0 c:/program files (x86)/microchip/xc32/v1.11/bin/../lib/gcc/pic32mx/4.5.1/../../../../pic32mx/lib\libmchp_peripheral_32MX534F064H.a(pcache.o)
 .debug_str     0x00000275        0x0 c:/program files (x86)/microchip/xc32/v1.11/bin/../lib/gcc/pic32mx/4.5.1/../../../../pic32mx/lib\libmchp_peripheral_32MX534F064H.a(int_disable_interrupts_lib.o)
 .debug_str     0x00000275        0x0 c:/program files (x86)/microchip/xc32/v1.11/bin/../lib/gcc/pic32mx/4.5.1/../../../../pic32mx/lib\libmchp_peripheral_32MX534F064H.a(int_restore_interrupts_lib.o)
 .debug_str     0x00000275        0x0 c:/program files (x86)/microchip/xc32/v1.11/bin/../lib/gcc/pic32mx/4.5.1/../../../../pic32mx/lib\libmchp_peripheral_32MX534F064H.a(int_enable_mv_int_lib.o)
 .debug_str     0x00000275        0x0 c:/program files (x86)/microchip/xc32/v1.11/bin/../lib/gcc/pic32mx/4.5.1/../../../../pic32mx/lib\libmchp_peripheral_32MX534F064H.a(int_enable_interrupts_lib.o)
 .debug_str     0x00000275        0x0 c:/program files (x86)/microchip/xc32/v1.11/bin/../lib/gcc/pic32mx/4.5.1\libgcc.a(_lshrdi3.o)
 .debug_str     0x00000275        0x0 c:/program files (x86)/microchip/xc32/v1.11/bin/../lib/gcc/pic32mx/4.5.1\libgcc.a(floatunsisf.o)
 .debug_str     0x00000275        0x0 c:/program files (x86)/microchip/xc32/v1.11/bin/../lib/gcc/pic32mx/4.5.1/../../../../pic32mx/lib\libpic32.a(default-bootstrap-exception-handler.o)
 .debug_str     0x00000275        0x0 c:/program files (x86)/microchip/xc32/v1.11/bin/../lib/gcc/pic32mx/4.5.1/../../../../pic32mx/lib\libpic32.a(default-on-reset.o)
 .debug_str     0x00000275        0x0 c:/program files (x86)/microchip/xc32/v1.11/bin/../lib/gcc/pic32mx/4.5.1/../../../../pic32mx/lib\libpic32.a(default-on-bootstrap.o)
 .debug_str     0x00000275        0x0 c:/program files (x86)/microchip/xc32/v1.11/bin/../lib/gcc/pic32mx/4.5.1/../../../../pic32mx/lib\libpic32.a(default-general-exception-handler.o)
 .debug_str     0x00000275        0x0 c:/program files (x86)/microchip/xc32/v1.11/bin/../lib/gcc/pic32mx/4.5.1/../../../../pic32mx/lib\libpic32.a(defaultinterrupt.o)
 .debug_str     0x00000275        0x0 c:/program files (x86)/microchip/xc32/v1.11/bin/../lib/gcc/pic32mx/4.5.1/../../../../pic32mx/lib\libc.a(rand.o)
 .debug_str     0x00000275        0x0 c:/program files (x86)/microchip/xc32/v1.11/bin/../lib/gcc/pic32mx/4.5.1/../../../../pic32mx/lib\libc.a(sprintf_s.eo)
 .debug_str     0x00000275        0x0 c:/program files (x86)/microchip/xc32/v1.11/bin/../lib/gcc/pic32mx/4.5.1/../../../../pic32mx/lib\libc.a(doprnt_s.eo)
 .debug_str     0x00000275        0x0 c:/program files (x86)/microchip/xc32/v1.11/bin/../lib/gcc/pic32mx/4.5.1/../../../../pic32mx/lib\libc.a(_fputc_simple.o)
 .debug_str     0x00000275        0x0 c:/program files (x86)/microchip/xc32/v1.11/bin/../lib/gcc/pic32mx/4.5.1/../../../../pic32mx/lib\libc.a(ctype.o)
 .debug_str     0x00000275        0x0 c:/program files (x86)/microchip/xc32/v1.11/bin/../lib/gcc/pic32mx/4.5.1/../../../../pic32mx/lib\libc.a(_iob.o)
 .debug_str     0x00000275        0x0 c:/program files (x86)/microchip/xc32/v1.11/bin/../lib/gcc/pic32mx/4.5.1/../../../../pic32mx/lib\libc.a(_flsbuf_simple.o)
 .debug_str     0x00000275        0x0 c:/program files (x86)/microchip/xc32/v1.11/bin/../lib/gcc/pic32mx/4.5.1/../../../../pic32mx/lib\libpic32.a(write.o)
 .debug_str     0x00000275        0x0 c:/program files (x86)/microchip/xc32/v1.11/bin/../lib/gcc/pic32mx/4.5.1/../../../../pic32mx/lib\libpic32.a(_mon_putc.o)
 .debug_str     0x00000275        0x0 c:/program files (x86)/microchip/xc32/v1.11/bin/../lib/gcc/pic32mx/4.5.1/../../../../pic32mx/lib\libpic32.a(xc32_uart.o)
 .debug_str     0x00000275        0x0 c:/program files (x86)/microchip/xc32/v1.11/bin/../lib/gcc/pic32mx/4.5.1\libgcc.a(_udivdi3.o)
 .debug_str     0x00000275        0x0 c:/program files (x86)/microchip/xc32/v1.11/bin/../lib/gcc/pic32mx/4.5.1\libgcc.a(_umoddi3.o)

.debug_loc      0x00000000     0x4519
 *(.debug_loc)
 .debug_loc     0x00000000     0x1450 build/default/production/displayDriver/displayDriver.o
 .debug_loc     0x00001450     0x147e build/default/production/fatfs/ff.o
 .debug_loc     0x000028ce      0x585 build/default/production/fatfs/diskio.o
 .debug_loc     0x00002e53       0xc3 build/default/production/src/main.o
 .debug_loc     0x00002f16       0x5f c:/program files (x86)/microchip/xc32/v1.11/bin/../lib/gcc/pic32mx/4.5.1\libgcc.a(_lshrdi3.o)
 .debug_loc     0x00002f75       0x5d c:/program files (x86)/microchip/xc32/v1.11/bin/../lib/gcc/pic32mx/4.5.1\libgcc.a(floatunsisf.o)
 .debug_loc     0x00002fd2      0xaaf c:/program files (x86)/microchip/xc32/v1.11/bin/../lib/gcc/pic32mx/4.5.1\libgcc.a(_udivdi3.o)
 .debug_loc     0x00003a81      0xa98 c:/program files (x86)/microchip/xc32/v1.11/bin/../lib/gcc/pic32mx/4.5.1\libgcc.a(_umoddi3.o)

.debug_macinfo
 *(.debug_macinfo)

.debug_weaknames
 *(.debug_weaknames)

.debug_funcnames
 *(.debug_funcnames)

.debug_typenames
 *(.debug_typenames)

.debug_varnames
 *(.debug_varnames)

.debug_pubtypes
                0x00000000      0x52c
 *(.debug_pubtypes)
 .debug_pubtypes
                0x00000000      0x178 build/default/production/displayDriver/displayDriver.o
 .debug_pubtypes
                0x00000178       0x6a build/default/production/Examples/display_example1.o
 .debug_pubtypes
                0x000001e2       0x97 build/default/production/fatfs/ff.o
 .debug_pubtypes
                0x00000279       0x9b build/default/production/fatfs/diskio.o
 .debug_pubtypes
                0x00000314       0xd0 build/default/production/src/main.o
 .debug_pubtypes
                0x000003e4       0x62 c:/program files (x86)/microchip/xc32/v1.11/bin/../lib/gcc/pic32mx/4.5.1\libgcc.a(_lshrdi3.o)
 .debug_pubtypes
                0x00000446       0x34 c:/program files (x86)/microchip/xc32/v1.11/bin/../lib/gcc/pic32mx/4.5.1\libgcc.a(floatunsisf.o)
 .debug_pubtypes
                0x0000047a       0x59 c:/program files (x86)/microchip/xc32/v1.11/bin/../lib/gcc/pic32mx/4.5.1\libgcc.a(_udivdi3.o)
 .debug_pubtypes
                0x000004d3       0x59 c:/program files (x86)/microchip/xc32/v1.11/bin/../lib/gcc/pic32mx/4.5.1\libgcc.a(_umoddi3.o)

.debug_ranges   0x00000000      0x470
 *(.debug_ranges)
 .debug_ranges  0x00000000      0x158 build/default/production/displayDriver/displayDriver.o
 .debug_ranges  0x00000158       0x60 build/default/production/fatfs/ff.o
 .debug_ranges  0x000001b8       0x18 build/default/production/fatfs/diskio.o
 .debug_ranges  0x000001d0       0x18 c:/program files (x86)/microchip/xc32/v1.11/bin/../lib/gcc/pic32mx/4.5.1/../../../../pic32mx/lib\libmchp_peripheral_32MX534F064H.a(pcache.o)
 .debug_ranges  0x000001e8       0x10 c:/program files (x86)/microchip/xc32/v1.11/bin/../lib/gcc/pic32mx/4.5.1/../../../../pic32mx/lib\libmchp_peripheral_32MX534F064H.a(int_disable_interrupts_lib.o)
 .debug_ranges  0x000001f8       0x10 c:/program files (x86)/microchip/xc32/v1.11/bin/../lib/gcc/pic32mx/4.5.1/../../../../pic32mx/lib\libmchp_peripheral_32MX534F064H.a(int_restore_interrupts_lib.o)
 .debug_ranges  0x00000208       0x10 c:/program files (x86)/microchip/xc32/v1.11/bin/../lib/gcc/pic32mx/4.5.1/../../../../pic32mx/lib\libmchp_peripheral_32MX534F064H.a(int_enable_mv_int_lib.o)
 .debug_ranges  0x00000218       0x10 c:/program files (x86)/microchip/xc32/v1.11/bin/../lib/gcc/pic32mx/4.5.1/../../../../pic32mx/lib\libmchp_peripheral_32MX534F064H.a(int_enable_interrupts_lib.o)
 .debug_ranges  0x00000228       0x10 c:/program files (x86)/microchip/xc32/v1.11/bin/../lib/gcc/pic32mx/4.5.1/../../../../pic32mx/lib\libpic32.a(default-bootstrap-exception-handler.o)
 .debug_ranges  0x00000238       0x10 c:/program files (x86)/microchip/xc32/v1.11/bin/../lib/gcc/pic32mx/4.5.1/../../../../pic32mx/lib\libpic32.a(default-on-reset.o)
 .debug_ranges  0x00000248       0x10 c:/program files (x86)/microchip/xc32/v1.11/bin/../lib/gcc/pic32mx/4.5.1/../../../../pic32mx/lib\libpic32.a(default-on-bootstrap.o)
 .debug_ranges  0x00000258       0x10 c:/program files (x86)/microchip/xc32/v1.11/bin/../lib/gcc/pic32mx/4.5.1/../../../../pic32mx/lib\libpic32.a(default-general-exception-handler.o)
 .debug_ranges  0x00000268       0x10 c:/program files (x86)/microchip/xc32/v1.11/bin/../lib/gcc/pic32mx/4.5.1/../../../../pic32mx/lib\libpic32.a(defaultinterrupt.o)
 .debug_ranges  0x00000278       0x18 c:/program files (x86)/microchip/xc32/v1.11/bin/../lib/gcc/pic32mx/4.5.1/../../../../pic32mx/lib\libc.a(rand.o)
 .debug_ranges  0x00000290       0x10 c:/program files (x86)/microchip/xc32/v1.11/bin/../lib/gcc/pic32mx/4.5.1/../../../../pic32mx/lib\libc.a(sprintf_s.eo)
 .debug_ranges  0x000002a0       0x10 c:/program files (x86)/microchip/xc32/v1.11/bin/../lib/gcc/pic32mx/4.5.1/../../../../pic32mx/lib\libc.a(doprnt_s.eo)
 .debug_ranges  0x000002b0       0x10 c:/program files (x86)/microchip/xc32/v1.11/bin/../lib/gcc/pic32mx/4.5.1/../../../../pic32mx/lib\libc.a(_fputc_simple.o)
 .debug_ranges  0x000002c0       0x10 c:/program files (x86)/microchip/xc32/v1.11/bin/../lib/gcc/pic32mx/4.5.1/../../../../pic32mx/lib\libc.a(_flsbuf_simple.o)
 .debug_ranges  0x000002d0       0x10 c:/program files (x86)/microchip/xc32/v1.11/bin/../lib/gcc/pic32mx/4.5.1/../../../../pic32mx/lib\libpic32.a(write.o)
 .debug_ranges  0x000002e0       0x10 c:/program files (x86)/microchip/xc32/v1.11/bin/../lib/gcc/pic32mx/4.5.1/../../../../pic32mx/lib\libpic32.a(_mon_putc.o)
 .debug_ranges  0x000002f0       0xc0 c:/program files (x86)/microchip/xc32/v1.11/bin/../lib/gcc/pic32mx/4.5.1\libgcc.a(_udivdi3.o)
 .debug_ranges  0x000003b0       0xc0 c:/program files (x86)/microchip/xc32/v1.11/bin/../lib/gcc/pic32mx/4.5.1\libgcc.a(_umoddi3.o)

.gnu.attributes
                0x00000000       0x10
 *(.gnu.attributes)
 .gnu.attributes
                0x00000000       0x10 build/default/production/displayDriver/displayDriver.o
 .gnu.attributes
                0x00000010       0x10 build/default/production/Examples/display_example1.o
 .gnu.attributes
                0x00000020       0x10 build/default/production/fatfs/ff.o
 .gnu.attributes
                0x00000030       0x10 build/default/production/fatfs/diskio.o
 .gnu.attributes
                0x00000040       0x10 build/default/production/src/main.o
 .gnu.attributes
                0x00000050       0x10 c:/program files (x86)/microchip/xc32/v1.11/bin/../lib/gcc/pic32mx/4.5.1/../../../../pic32mx/lib\libmchp_peripheral_32MX534F064H.a(pcache.o)
 .gnu.attributes
                0x00000060       0x10 c:/program files (x86)/microchip/xc32/v1.11/bin/../lib/gcc/pic32mx/4.5.1/../../../../pic32mx/lib\libmchp_peripheral_32MX534F064H.a(int_disable_interrupts_lib.o)
 .gnu.attributes
                0x00000070       0x10 c:/program files (x86)/microchip/xc32/v1.11/bin/../lib/gcc/pic32mx/4.5.1/../../../../pic32mx/lib\libmchp_peripheral_32MX534F064H.a(int_restore_interrupts_lib.o)
 .gnu.attributes
                0x00000080       0x10 c:/program files (x86)/microchip/xc32/v1.11/bin/../lib/gcc/pic32mx/4.5.1/../../../../pic32mx/lib\libmchp_peripheral_32MX534F064H.a(int_enable_mv_int_lib.o)
 .gnu.attributes
                0x00000090       0x10 c:/program files (x86)/microchip/xc32/v1.11/bin/../lib/gcc/pic32mx/4.5.1/../../../../pic32mx/lib\libmchp_peripheral_32MX534F064H.a(int_enable_interrupts_lib.o)
 .gnu.attributes
                0x000000a0       0x10 c:/program files (x86)/microchip/xc32/v1.11/bin/../lib/gcc/pic32mx/4.5.1\libgcc.a(_lshrdi3.o)
 .gnu.attributes
                0x000000b0       0x10 c:/program files (x86)/microchip/xc32/v1.11/bin/../lib/gcc/pic32mx/4.5.1\libgcc.a(floatunsisf.o)
 .gnu.attributes
                0x000000c0       0x10 c:/program files (x86)/microchip/xc32/v1.11/bin/../lib/gcc/pic32mx/4.5.1/../../../../pic32mx/lib\libpic32.a(default-bootstrap-exception-handler.o)
 .gnu.attributes
                0x000000d0       0x10 c:/program files (x86)/microchip/xc32/v1.11/bin/../lib/gcc/pic32mx/4.5.1/../../../../pic32mx/lib\libpic32.a(default-on-reset.o)
 .gnu.attributes
                0x000000e0       0x10 c:/program files (x86)/microchip/xc32/v1.11/bin/../lib/gcc/pic32mx/4.5.1/../../../../pic32mx/lib\libpic32.a(default-on-bootstrap.o)
 .gnu.attributes
                0x000000f0       0x10 c:/program files (x86)/microchip/xc32/v1.11/bin/../lib/gcc/pic32mx/4.5.1/../../../../pic32mx/lib\libpic32.a(default-general-exception-handler.o)
 .gnu.attributes
                0x00000100       0x10 c:/program files (x86)/microchip/xc32/v1.11/bin/../lib/gcc/pic32mx/4.5.1/../../../../pic32mx/lib\libpic32.a(defaultinterrupt.o)
 .gnu.attributes
                0x00000110       0x10 c:/program files (x86)/microchip/xc32/v1.11/bin/../lib/gcc/pic32mx/4.5.1/../../../../pic32mx/lib\libc.a(rand.o)
 .gnu.attributes
                0x00000120       0x10 c:/program files (x86)/microchip/xc32/v1.11/bin/../lib/gcc/pic32mx/4.5.1/../../../../pic32mx/lib\libc.a(sprintf_s.eo)
 .gnu.attributes
                0x00000130       0x10 c:/program files (x86)/microchip/xc32/v1.11/bin/../lib/gcc/pic32mx/4.5.1/../../../../pic32mx/lib\libc.a(doprnt_s.eo)
 .gnu.attributes
                0x00000140       0x10 c:/program files (x86)/microchip/xc32/v1.11/bin/../lib/gcc/pic32mx/4.5.1/../../../../pic32mx/lib\libc.a(_fputc_simple.o)
 .gnu.attributes
                0x00000150       0x10 c:/program files (x86)/microchip/xc32/v1.11/bin/../lib/gcc/pic32mx/4.5.1/../../../../pic32mx/lib\libc.a(ctype.o)
 .gnu.attributes
                0x00000160       0x10 c:/program files (x86)/microchip/xc32/v1.11/bin/../lib/gcc/pic32mx/4.5.1/../../../../pic32mx/lib\libc.a(_iob.o)
 .gnu.attributes
                0x00000170       0x10 c:/program files (x86)/microchip/xc32/v1.11/bin/../lib/gcc/pic32mx/4.5.1/../../../../pic32mx/lib\libc.a(_flsbuf_simple.o)
 .gnu.attributes
                0x00000180       0x10 c:/program files (x86)/microchip/xc32/v1.11/bin/../lib/gcc/pic32mx/4.5.1/../../../../pic32mx/lib\libpic32.a(write.o)
 .gnu.attributes
                0x00000190       0x10 c:/program files (x86)/microchip/xc32/v1.11/bin/../lib/gcc/pic32mx/4.5.1/../../../../pic32mx/lib\libpic32.a(_mon_putc.o)
 .gnu.attributes
                0x000001a0       0x10 c:/program files (x86)/microchip/xc32/v1.11/bin/../lib/gcc/pic32mx/4.5.1/../../../../pic32mx/lib\libpic32.a(xc32_uart.o)
 .gnu.attributes
                0x000001b0       0x10 c:/program files (x86)/microchip/xc32/v1.11/bin/../lib/gcc/pic32mx/4.5.1\libgcc.a(_udivdi3.o)
 .gnu.attributes
                0x000001c0       0x10 c:/program files (x86)/microchip/xc32/v1.11/bin/../lib/gcc/pic32mx/4.5.1\libgcc.a(_umoddi3.o)
LOAD c:/program files (x86)/microchip/xc32/v1.11/bin/../lib/gcc/pic32mx/4.5.1\libgcc.a
START GROUP
LOAD c:/program files (x86)/microchip/xc32/v1.11/bin/../lib/gcc/pic32mx/4.5.1/../../../../pic32mx/lib\libpic32.a
LOAD c:/program files (x86)/microchip/xc32/v1.11/bin/../lib/gcc/pic32mx/4.5.1/../../../../pic32mx/lib\libdebug.a
LOAD c:/program files (x86)/microchip/xc32/v1.11/bin/../lib/gcc/pic32mx/4.5.1/../../../../pic32mx/lib\libm.a
LOAD c:/program files (x86)/microchip/xc32/v1.11/bin/../lib/gcc/pic32mx/4.5.1/../../../../pic32mx/lib\libe.a
LOAD c:/program files (x86)/microchip/xc32/v1.11/bin/../lib/gcc/pic32mx/4.5.1/../../../../pic32mx/lib\libdsp.a
LOAD c:/program files (x86)/microchip/xc32/v1.11/bin/../lib/gcc/pic32mx/4.5.1\libgcc.a
LOAD c:/program files (x86)/microchip/xc32/v1.11/bin/../lib/gcc/pic32mx/4.5.1/../../../../pic32mx/lib\libpic32.a
LOAD c:/program files (x86)/microchip/xc32/v1.11/bin/../lib/gcc/pic32mx/4.5.1/../../../../pic32mx/lib\libc.a
LOAD c:/program files (x86)/microchip/xc32/v1.11/bin/../lib/gcc/pic32mx/4.5.1/../../../../pic32mx/lib\libpic32.a
END GROUP
LOAD c:/program files (x86)/microchip/xc32/v1.11/bin/../lib/gcc/pic32mx/4.5.1\libgcc.a
OUTPUT(dist/default/production/LED_MATRIX_DISPLAY_PIC32MX.X.production.elf elf32-tradlittlemips)
LOAD stack
LOAD data_init

.reginfo        0x9d000000       0x18
 .reginfo       0x9d000000       0x18 c:/program files (x86)/microchip/xc32/v1.11/bin/../lib/gcc/pic32mx/4.5.1/../../../../pic32mx/lib/crt0.o

.stack          0xa00033b0      0x1f4
 .stack         0xa00033b0      0x1f4 stack

.bss            0xa0000064     0x3228
 .bss           0xa0000064     0x3228 build/default/production/displayDriver/displayDriver.o
                0xa0000064                FRAME_BUFF
                0xa0003064                myFAT

.data           0xa000328c       0xa0
 .data          0xa000328c       0xa0 c:/program files (x86)/microchip/xc32/v1.11/bin/../lib/gcc/pic32mx/4.5.1/../../../../pic32mx/lib\libc.a(_iob.o)
                0xa000328c                _iob

.bss            0xa000332c       0x40
 .bss           0xa000332c       0x40 c:/program files (x86)/microchip/xc32/v1.11/bin/../lib/gcc/pic32mx/4.5.1/../../../../pic32mx/lib\libc.a(_iob.o)
                0xa000332c                _sibuf
                0xa000334c                _sobuf

.bss            0xa0003370       0x10
 .bss           0xa0003370       0x10 c:/program files (x86)/microchip/xc32/v1.11/bin/../lib/gcc/pic32mx/4.5.1/../../../../pic32mx/lib\libc.a(rand.o)

.bss%z1         0x00000000        0x0
 .bss           0x00000000        0x0 c:/program files (x86)/microchip/xc32/v1.11/bin/../lib/gcc/pic32mx/4.5.1\libgcc.a(_umoddi3.o)

.data%z2        0x00000000        0x0
 .data          0x00000000        0x0 c:/program files (x86)/microchip/xc32/v1.11/bin/../lib/gcc/pic32mx/4.5.1\libgcc.a(_umoddi3.o)

.bss%z3         0x00000000        0x0
 .bss           0x00000000        0x0 c:/program files (x86)/microchip/xc32/v1.11/bin/../lib/gcc/pic32mx/4.5.1\libgcc.a(_udivdi3.o)

.data%z4        0x00000000        0x0
 .data          0x00000000        0x0 c:/program files (x86)/microchip/xc32/v1.11/bin/../lib/gcc/pic32mx/4.5.1\libgcc.a(_udivdi3.o)

.bss%z5         0x00000000        0x0
 .bss           0x00000000        0x0 c:/program files (x86)/microchip/xc32/v1.11/bin/../lib/gcc/pic32mx/4.5.1/../../../../pic32mx/lib\libpic32.a(xc32_uart.o)

.data%z6        0x00000000        0x0
 .data          0x00000000        0x0 c:/program files (x86)/microchip/xc32/v1.11/bin/../lib/gcc/pic32mx/4.5.1/../../../../pic32mx/lib\libpic32.a(xc32_uart.o)

.bss%z7         0x00000000        0x0
 .bss           0x00000000        0x0 c:/program files (x86)/microchip/xc32/v1.11/bin/../lib/gcc/pic32mx/4.5.1/../../../../pic32mx/lib\libpic32.a(_mon_putc.o)

.data%z8        0x00000000        0x0
 .data          0x00000000        0x0 c:/program files (x86)/microchip/xc32/v1.11/bin/../lib/gcc/pic32mx/4.5.1/../../../../pic32mx/lib\libpic32.a(_mon_putc.o)

.bss%z9         0x00000000        0x0
 .bss           0x00000000        0x0 c:/program files (x86)/microchip/xc32/v1.11/bin/../lib/gcc/pic32mx/4.5.1/../../../../pic32mx/lib\libpic32.a(write.o)

.data%z10       0x00000000        0x0
 .data          0x00000000        0x0 c:/program files (x86)/microchip/xc32/v1.11/bin/../lib/gcc/pic32mx/4.5.1/../../../../pic32mx/lib\libpic32.a(write.o)

.bss%z11        0x00000000        0x0
 .bss           0x00000000        0x0 c:/program files (x86)/microchip/xc32/v1.11/bin/../lib/gcc/pic32mx/4.5.1/../../../../pic32mx/lib\libc.a(_flsbuf_simple.o)

.data%z12       0x00000000        0x0
 .data          0x00000000        0x0 c:/program files (x86)/microchip/xc32/v1.11/bin/../lib/gcc/pic32mx/4.5.1/../../../../pic32mx/lib\libc.a(_flsbuf_simple.o)

.bss%z13        0x00000000        0x0
 .bss           0x00000000        0x0 c:/program files (x86)/microchip/xc32/v1.11/bin/../lib/gcc/pic32mx/4.5.1/../../../../pic32mx/lib\libc.a(ctype.o)

.data%z14       0x00000000        0x0
 .data          0x00000000        0x0 c:/program files (x86)/microchip/xc32/v1.11/bin/../lib/gcc/pic32mx/4.5.1/../../../../pic32mx/lib\libc.a(ctype.o)

.bss%z15        0x00000000        0x0